// Vitest Snapshot v1, https://vitest.dev/guide/snapshot.html

exports[`S5 placementDist data matches snapshot (rounded 6dp) 1`] = `
{
  "expectedPlaces": [
    3.038,
    3.161,
    3.539,
    5.336,
    5.857,
    6.473,
    6.537,
    8.909,
    10.008,
    10.103,
    9.884,
    10.124,
    10.866,
    11.165,
  ],
  "queenOrder": [
    "jinkx",
    "alaska",
    "alyssa",
    "detox",
    "roxxxy",
    "ivy",
    "coco",
    "lineysha",
    "jade_jolie",
    "monica",
    "honey",
    "vivienne",
    "serena",
    "penny",
  ],
  "segments": [
    [
      {
        "cumBefore": 0,
        "place": 1,
        "prob": 0.384,
      },
      {
        "cumBefore": 0.384,
        "place": 2,
        "prob": 0.163,
      },
      {
        "cumBefore": 0.547,
        "place": 3,
        "prob": 0.065,
      },
      {
        "cumBefore": 0.612,
        "place": 4,
        "prob": 0.217,
      },
      {
        "cumBefore": 0.829,
        "place": 5,
        "prob": 0.108,
      },
      {
        "cumBefore": 0.937,
        "place": 6,
        "prob": 0.002,
      },
      {
        "cumBefore": 0.939,
        "place": 7,
        "prob": 0.006,
      },
      {
        "cumBefore": 0.945,
        "place": 8,
        "prob": 0.005,
      },
      {
        "cumBefore": 0.95,
        "place": 9,
        "prob": 0.002,
      },
      {
        "cumBefore": 0.952,
        "place": 10,
        "prob": 0.005,
      },
      {
        "cumBefore": 0.957,
        "place": 11,
        "prob": 0.013,
      },
      {
        "cumBefore": 0.97,
        "place": 12,
        "prob": 0,
      },
      {
        "cumBefore": 0.97,
        "place": 13,
        "prob": 0,
      },
      {
        "cumBefore": 0.97,
        "place": 14,
        "prob": 0.03,
      },
    ],
    [
      {
        "cumBefore": 0,
        "place": 1,
        "prob": 0.29,
      },
      {
        "cumBefore": 0.29,
        "place": 2,
        "prob": 0.267,
      },
      {
        "cumBefore": 0.557,
        "place": 3,
        "prob": 0.121,
      },
      {
        "cumBefore": 0.678,
        "place": 4,
        "prob": 0.123,
      },
      {
        "cumBefore": 0.801,
        "place": 5,
        "prob": 0.073,
      },
      {
        "cumBefore": 0.874,
        "place": 6,
        "prob": 0.032,
      },
      {
        "cumBefore": 0.906,
        "place": 7,
        "prob": 0.016,
      },
      {
        "cumBefore": 0.922,
        "place": 8,
        "prob": 0.022,
      },
      {
        "cumBefore": 0.944,
        "place": 9,
        "prob": 0.005,
      },
      {
        "cumBefore": 0.949,
        "place": 10,
        "prob": 0.009,
      },
      {
        "cumBefore": 0.958,
        "place": 11,
        "prob": 0.027,
      },
      {
        "cumBefore": 0.985,
        "place": 12,
        "prob": 0.002,
      },
      {
        "cumBefore": 0.987,
        "place": 13,
        "prob": 0.001,
      },
      {
        "cumBefore": 0.988,
        "place": 14,
        "prob": 0.012,
      },
    ],
    [
      {
        "cumBefore": 0,
        "place": 1,
        "prob": 0.182,
      },
      {
        "cumBefore": 0.182,
        "place": 2,
        "prob": 0.23,
      },
      {
        "cumBefore": 0.412,
        "place": 3,
        "prob": 0.151,
      },
      {
        "cumBefore": 0.563,
        "place": 4,
        "prob": 0.208,
      },
      {
        "cumBefore": 0.771,
        "place": 5,
        "prob": 0.094,
      },
      {
        "cumBefore": 0.865,
        "place": 6,
        "prob": 0.062,
      },
      {
        "cumBefore": 0.927,
        "place": 7,
        "prob": 0.02,
      },
      {
        "cumBefore": 0.947,
        "place": 8,
        "prob": 0.012,
      },
      {
        "cumBefore": 0.959,
        "place": 9,
        "prob": 0.003,
      },
      {
        "cumBefore": 0.962,
        "place": 10,
        "prob": 0,
      },
      {
        "cumBefore": 0.962,
        "place": 11,
        "prob": 0.003,
      },
      {
        "cumBefore": 0.965,
        "place": 12,
        "prob": 0.006,
      },
      {
        "cumBefore": 0.971,
        "place": 13,
        "prob": 0.004,
      },
      {
        "cumBefore": 0.975,
        "place": 14,
        "prob": 0.025,
      },
    ],
    [
      {
        "cumBefore": 0,
        "place": 1,
        "prob": 0.057,
      },
      {
        "cumBefore": 0.057,
        "place": 2,
        "prob": 0.112,
      },
      {
        "cumBefore": 0.169,
        "place": 3,
        "prob": 0.18,
      },
      {
        "cumBefore": 0.349,
        "place": 4,
        "prob": 0.108,
      },
      {
        "cumBefore": 0.457,
        "place": 5,
        "prob": 0.136,
      },
      {
        "cumBefore": 0.593,
        "place": 6,
        "prob": 0.112,
      },
      {
        "cumBefore": 0.705,
        "place": 7,
        "prob": 0.071,
      },
      {
        "cumBefore": 0.776,
        "place": 8,
        "prob": 0.062,
      },
      {
        "cumBefore": 0.838,
        "place": 9,
        "prob": 0.052,
      },
      {
        "cumBefore": 0.89,
        "place": 10,
        "prob": 0.023,
      },
      {
        "cumBefore": 0.913,
        "place": 11,
        "prob": 0.044,
      },
      {
        "cumBefore": 0.957,
        "place": 12,
        "prob": 0.018,
      },
      {
        "cumBefore": 0.975,
        "place": 13,
        "prob": 0.01,
      },
      {
        "cumBefore": 0.985,
        "place": 14,
        "prob": 0.015,
      },
    ],
    [
      {
        "cumBefore": 0,
        "place": 1,
        "prob": 0.043,
      },
      {
        "cumBefore": 0.043,
        "place": 2,
        "prob": 0.101,
      },
      {
        "cumBefore": 0.144,
        "place": 3,
        "prob": 0.146,
      },
      {
        "cumBefore": 0.29,
        "place": 4,
        "prob": 0.079,
      },
      {
        "cumBefore": 0.369,
        "place": 5,
        "prob": 0.12,
      },
      {
        "cumBefore": 0.489,
        "place": 6,
        "prob": 0.116,
      },
      {
        "cumBefore": 0.605,
        "place": 7,
        "prob": 0.116,
      },
      {
        "cumBefore": 0.721,
        "place": 8,
        "prob": 0.087,
      },
      {
        "cumBefore": 0.808,
        "place": 9,
        "prob": 0.058,
      },
      {
        "cumBefore": 0.866,
        "place": 10,
        "prob": 0.031,
      },
      {
        "cumBefore": 0.897,
        "place": 11,
        "prob": 0.052,
      },
      {
        "cumBefore": 0.949,
        "place": 12,
        "prob": 0.026,
      },
      {
        "cumBefore": 0.975,
        "place": 13,
        "prob": 0.012,
      },
      {
        "cumBefore": 0.987,
        "place": 14,
        "prob": 0.013,
      },
    ],
    [
      {
        "cumBefore": 0,
        "place": 1,
        "prob": 0.024,
      },
      {
        "cumBefore": 0.024,
        "place": 2,
        "prob": 0.05,
      },
      {
        "cumBefore": 0.074,
        "place": 3,
        "prob": 0.109,
      },
      {
        "cumBefore": 0.183,
        "place": 4,
        "prob": 0.077,
      },
      {
        "cumBefore": 0.26,
        "place": 5,
        "prob": 0.128,
      },
      {
        "cumBefore": 0.388,
        "place": 6,
        "prob": 0.156,
      },
      {
        "cumBefore": 0.544,
        "place": 7,
        "prob": 0.147,
      },
      {
        "cumBefore": 0.691,
        "place": 8,
        "prob": 0.09,
      },
      {
        "cumBefore": 0.781,
        "place": 9,
        "prob": 0.065,
      },
      {
        "cumBefore": 0.846,
        "place": 10,
        "prob": 0.024,
      },
      {
        "cumBefore": 0.87,
        "place": 11,
        "prob": 0.05,
      },
      {
        "cumBefore": 0.92,
        "place": 12,
        "prob": 0.032,
      },
      {
        "cumBefore": 0.952,
        "place": 13,
        "prob": 0.042,
      },
      {
        "cumBefore": 0.994,
        "place": 14,
        "prob": 0.006,
      },
    ],
    [
      {
        "cumBefore": 0,
        "place": 1,
        "prob": 0.017,
      },
      {
        "cumBefore": 0.017,
        "place": 2,
        "prob": 0.059,
      },
      {
        "cumBefore": 0.076,
        "place": 3,
        "prob": 0.123,
      },
      {
        "cumBefore": 0.199,
        "place": 4,
        "prob": 0.078,
      },
      {
        "cumBefore": 0.277,
        "place": 5,
        "prob": 0.139,
      },
      {
        "cumBefore": 0.416,
        "place": 6,
        "prob": 0.144,
      },
      {
        "cumBefore": 0.56,
        "place": 7,
        "prob": 0.104,
      },
      {
        "cumBefore": 0.664,
        "place": 8,
        "prob": 0.101,
      },
      {
        "cumBefore": 0.765,
        "place": 9,
        "prob": 0.053,
      },
      {
        "cumBefore": 0.818,
        "place": 10,
        "prob": 0.035,
      },
      {
        "cumBefore": 0.853,
        "place": 11,
        "prob": 0.057,
      },
      {
        "cumBefore": 0.91,
        "place": 12,
        "prob": 0.03,
      },
      {
        "cumBefore": 0.94,
        "place": 13,
        "prob": 0.028,
      },
      {
        "cumBefore": 0.968,
        "place": 14,
        "prob": 0.032,
      },
    ],
    [
      {
        "cumBefore": 0,
        "place": 1,
        "prob": 0.003,
      },
      {
        "cumBefore": 0.003,
        "place": 2,
        "prob": 0.006,
      },
      {
        "cumBefore": 0.009,
        "place": 3,
        "prob": 0.035,
      },
      {
        "cumBefore": 0.044,
        "place": 4,
        "prob": 0.025,
      },
      {
        "cumBefore": 0.069,
        "place": 5,
        "prob": 0.04,
      },
      {
        "cumBefore": 0.109,
        "place": 6,
        "prob": 0.089,
      },
      {
        "cumBefore": 0.198,
        "place": 7,
        "prob": 0.116,
      },
      {
        "cumBefore": 0.314,
        "place": 8,
        "prob": 0.117,
      },
      {
        "cumBefore": 0.431,
        "place": 9,
        "prob": 0.193,
      },
      {
        "cumBefore": 0.624,
        "place": 10,
        "prob": 0.068,
      },
      {
        "cumBefore": 0.692,
        "place": 11,
        "prob": 0.075,
      },
      {
        "cumBefore": 0.767,
        "place": 12,
        "prob": 0.105,
      },
      {
        "cumBefore": 0.872,
        "place": 13,
        "prob": 0.087,
      },
      {
        "cumBefore": 0.959,
        "place": 14,
        "prob": 0.041,
      },
    ],
    [
      {
        "cumBefore": 0,
        "place": 1,
        "prob": 0,
      },
      {
        "cumBefore": 0,
        "place": 2,
        "prob": 0.001,
      },
      {
        "cumBefore": 0.001,
        "place": 3,
        "prob": 0.02,
      },
      {
        "cumBefore": 0.021,
        "place": 4,
        "prob": 0.02,
      },
      {
        "cumBefore": 0.041,
        "place": 5,
        "prob": 0.022,
      },
      {
        "cumBefore": 0.063,
        "place": 6,
        "prob": 0.049,
      },
      {
        "cumBefore": 0.112,
        "place": 7,
        "prob": 0.077,
      },
      {
        "cumBefore": 0.189,
        "place": 8,
        "prob": 0.092,
      },
      {
        "cumBefore": 0.281,
        "place": 9,
        "prob": 0.136,
      },
      {
        "cumBefore": 0.417,
        "place": 10,
        "prob": 0.13,
      },
      {
        "cumBefore": 0.547,
        "place": 11,
        "prob": 0.111,
      },
      {
        "cumBefore": 0.658,
        "place": 12,
        "prob": 0.118,
      },
      {
        "cumBefore": 0.776,
        "place": 13,
        "prob": 0.11,
      },
      {
        "cumBefore": 0.886,
        "place": 14,
        "prob": 0.114,
      },
    ],
    [
      {
        "cumBefore": 0,
        "place": 1,
        "prob": 0,
      },
      {
        "cumBefore": 0,
        "place": 2,
        "prob": 0.001,
      },
      {
        "cumBefore": 0.001,
        "place": 3,
        "prob": 0.015,
      },
      {
        "cumBefore": 0.016,
        "place": 4,
        "prob": 0.013,
      },
      {
        "cumBefore": 0.029,
        "place": 5,
        "prob": 0.035,
      },
      {
        "cumBefore": 0.064,
        "place": 6,
        "prob": 0.064,
      },
      {
        "cumBefore": 0.128,
        "place": 7,
        "prob": 0.085,
      },
      {
        "cumBefore": 0.213,
        "place": 8,
        "prob": 0.082,
      },
      {
        "cumBefore": 0.295,
        "place": 9,
        "prob": 0.094,
      },
      {
        "cumBefore": 0.389,
        "place": 10,
        "prob": 0.118,
      },
      {
        "cumBefore": 0.507,
        "place": 11,
        "prob": 0.106,
      },
      {
        "cumBefore": 0.613,
        "place": 12,
        "prob": 0.141,
      },
      {
        "cumBefore": 0.754,
        "place": 13,
        "prob": 0.134,
      },
      {
        "cumBefore": 0.888,
        "place": 14,
        "prob": 0.112,
      },
    ],
    [
      {
        "cumBefore": 0,
        "place": 1,
        "prob": 0,
      },
      {
        "cumBefore": 0,
        "place": 2,
        "prob": 0.006,
      },
      {
        "cumBefore": 0.006,
        "place": 3,
        "prob": 0.016,
      },
      {
        "cumBefore": 0.022,
        "place": 4,
        "prob": 0.022,
      },
      {
        "cumBefore": 0.044,
        "place": 5,
        "prob": 0.046,
      },
      {
        "cumBefore": 0.09,
        "place": 6,
        "prob": 0.062,
      },
      {
        "cumBefore": 0.152,
        "place": 7,
        "prob": 0.075,
      },
      {
        "cumBefore": 0.227,
        "place": 8,
        "prob": 0.083,
      },
      {
        "cumBefore": 0.31,
        "place": 9,
        "prob": 0.075,
      },
      {
        "cumBefore": 0.385,
        "place": 10,
        "prob": 0.164,
      },
      {
        "cumBefore": 0.549,
        "place": 11,
        "prob": 0.123,
      },
      {
        "cumBefore": 0.672,
        "place": 12,
        "prob": 0.106,
      },
      {
        "cumBefore": 0.778,
        "place": 13,
        "prob": 0.103,
      },
      {
        "cumBefore": 0.881,
        "place": 14,
        "prob": 0.119,
      },
    ],
    [
      {
        "cumBefore": 0,
        "place": 1,
        "prob": 0,
      },
      {
        "cumBefore": 0,
        "place": 2,
        "prob": 0.001,
      },
      {
        "cumBefore": 0.001,
        "place": 3,
        "prob": 0.007,
      },
      {
        "cumBefore": 0.008,
        "place": 4,
        "prob": 0.017,
      },
      {
        "cumBefore": 0.025,
        "place": 5,
        "prob": 0.027,
      },
      {
        "cumBefore": 0.052,
        "place": 6,
        "prob": 0.048,
      },
      {
        "cumBefore": 0.1,
        "place": 7,
        "prob": 0.066,
      },
      {
        "cumBefore": 0.166,
        "place": 8,
        "prob": 0.095,
      },
      {
        "cumBefore": 0.261,
        "place": 9,
        "prob": 0.103,
      },
      {
        "cumBefore": 0.364,
        "place": 10,
        "prob": 0.168,
      },
      {
        "cumBefore": 0.532,
        "place": 11,
        "prob": 0.153,
      },
      {
        "cumBefore": 0.685,
        "place": 12,
        "prob": 0.103,
      },
      {
        "cumBefore": 0.788,
        "place": 13,
        "prob": 0.106,
      },
      {
        "cumBefore": 0.894,
        "place": 14,
        "prob": 0.106,
      },
    ],
    [
      {
        "cumBefore": 0,
        "place": 1,
        "prob": 0,
      },
      {
        "cumBefore": 0,
        "place": 2,
        "prob": 0.001,
      },
      {
        "cumBefore": 0.001,
        "place": 3,
        "prob": 0.005,
      },
      {
        "cumBefore": 0.006,
        "place": 4,
        "prob": 0.005,
      },
      {
        "cumBefore": 0.011,
        "place": 5,
        "prob": 0.018,
      },
      {
        "cumBefore": 0.029,
        "place": 6,
        "prob": 0.029,
      },
      {
        "cumBefore": 0.058,
        "place": 7,
        "prob": 0.059,
      },
      {
        "cumBefore": 0.117,
        "place": 8,
        "prob": 0.082,
      },
      {
        "cumBefore": 0.199,
        "place": 9,
        "prob": 0.11,
      },
      {
        "cumBefore": 0.309,
        "place": 10,
        "prob": 0.088,
      },
      {
        "cumBefore": 0.397,
        "place": 11,
        "prob": 0.081,
      },
      {
        "cumBefore": 0.478,
        "place": 12,
        "prob": 0.193,
      },
      {
        "cumBefore": 0.671,
        "place": 13,
        "prob": 0.187,
      },
      {
        "cumBefore": 0.858,
        "place": 14,
        "prob": 0.142,
      },
    ],
    [
      {
        "cumBefore": 0,
        "place": 1,
        "prob": 0,
      },
      {
        "cumBefore": 0,
        "place": 2,
        "prob": 0.002,
      },
      {
        "cumBefore": 0.002,
        "place": 3,
        "prob": 0.007,
      },
      {
        "cumBefore": 0.009,
        "place": 4,
        "prob": 0.008,
      },
      {
        "cumBefore": 0.017,
        "place": 5,
        "prob": 0.014,
      },
      {
        "cumBefore": 0.031,
        "place": 6,
        "prob": 0.035,
      },
      {
        "cumBefore": 0.066,
        "place": 7,
        "prob": 0.042,
      },
      {
        "cumBefore": 0.108,
        "place": 8,
        "prob": 0.07,
      },
      {
        "cumBefore": 0.178,
        "place": 9,
        "prob": 0.051,
      },
      {
        "cumBefore": 0.229,
        "place": 10,
        "prob": 0.137,
      },
      {
        "cumBefore": 0.366,
        "place": 11,
        "prob": 0.105,
      },
      {
        "cumBefore": 0.471,
        "place": 12,
        "prob": 0.12,
      },
      {
        "cumBefore": 0.591,
        "place": 13,
        "prob": 0.176,
      },
      {
        "cumBefore": 0.767,
        "place": 14,
        "prob": 0.233,
      },
    ],
  ],
  "winProbs": [
    0.384,
    0.29,
    0.182,
    0.057,
    0.043,
    0.024,
    0.017,
    0.003,
    0,
    0,
    0,
    0,
    0,
    0,
  ],
}
`;
