// Vitest Snapshot v1, https://vitest.dev/guide/snapshot.html

exports[`S5 placementGrid data matches snapshot (rounded 6dp) 1`] = `
{
  "queenOrder": [
    "jinkx",
    "alaska",
    "alyssa",
    "detox",
    "roxxxy",
    "ivy",
    "coco",
    "lineysha",
    "jade_jolie",
    "honey",
    "vivienne",
    "monica",
    "serena",
    "penny",
  ],
  "rows": [
    {
      "argmaxPlace": 1,
      "brightness": {
        "1": 1,
        "10": 0.00017,
        "11": 0.001146,
        "12": 0,
        "13": 0,
        "14": 0.006104,
        "2": 0.180183,
        "3": 0.028653,
        "4": 0.319343,
        "5": 0.079102,
        "6": 0.000027,
        "7": 0.000244,
        "8": 0.00017,
        "9": 0.000027,
      },
      "expectedPlace": 3.038,
      "probs": {
        "1": 0.384,
        "10": 0.005,
        "11": 0.013,
        "12": 0,
        "13": 0,
        "14": 0.03,
        "2": 0.163,
        "3": 0.065,
        "4": 0.217,
        "5": 0.108,
        "6": 0.002,
        "7": 0.006,
        "8": 0.005,
        "9": 0.002,
      },
      "queenId": "jinkx",
    },
    {
      "argmaxPlace": 1,
      "brightness": {
        "1": 1,
        "10": 0.000963,
        "11": 0.008668,
        "12": 0.000048,
        "13": 0.000012,
        "14": 0.001712,
        "2": 0.847669,
        "3": 0.17409,
        "4": 0.179893,
        "5": 0.063365,
        "6": 0.012176,
        "7": 0.003044,
        "8": 0.005755,
        "9": 0.000297,
      },
      "expectedPlace": 3.161,
      "probs": {
        "1": 0.29,
        "10": 0.009,
        "11": 0.027,
        "12": 0.002,
        "13": 0.001,
        "14": 0.012,
        "2": 0.267,
        "3": 0.121,
        "4": 0.123,
        "5": 0.073,
        "6": 0.032,
        "7": 0.016,
        "8": 0.022,
        "9": 0.005,
      },
      "queenId": "alaska",
    },
    {
      "argmaxPlace": 2,
      "brightness": {
        "1": 0.626163,
        "10": 0,
        "11": 0.00017,
        "12": 0.000681,
        "13": 0.000302,
        "14": 0.011815,
        "2": 1,
        "3": 0.431021,
        "4": 0.817845,
        "5": 0.167032,
        "6": 0.072665,
        "7": 0.007561,
        "8": 0.002722,
        "9": 0.00017,
      },
      "expectedPlace": 3.539,
      "probs": {
        "1": 0.182,
        "10": 0,
        "11": 0.003,
        "12": 0.006,
        "13": 0.004,
        "14": 0.025,
        "2": 0.23,
        "3": 0.151,
        "4": 0.208,
        "5": 0.094,
        "6": 0.062,
        "7": 0.02,
        "8": 0.012,
        "9": 0.003,
      },
      "queenId": "alyssa",
    },
    {
      "argmaxPlace": 3,
      "brightness": {
        "1": 0.100278,
        "10": 0.016327,
        "11": 0.059753,
        "12": 0.01,
        "13": 0.003086,
        "14": 0.006944,
        "2": 0.38716,
        "3": 1,
        "4": 0.36,
        "5": 0.570864,
        "6": 0.38716,
        "7": 0.155586,
        "8": 0.118642,
        "9": 0.083457,
      },
      "expectedPlace": 5.336,
      "probs": {
        "1": 0.057,
        "10": 0.023,
        "11": 0.044,
        "12": 0.018,
        "13": 0.01,
        "14": 0.015,
        "2": 0.112,
        "3": 0.18,
        "4": 0.108,
        "5": 0.136,
        "6": 0.112,
        "7": 0.071,
        "8": 0.062,
        "9": 0.052,
      },
      "queenId": "detox",
    },
    {
      "argmaxPlace": 3,
      "brightness": {
        "1": 0.086742,
        "10": 0.045084,
        "11": 0.126853,
        "12": 0.031713,
        "13": 0.006755,
        "14": 0.007928,
        "2": 0.478561,
        "3": 1,
        "4": 0.292785,
        "5": 0.675549,
        "6": 0.631263,
        "7": 0.631263,
        "8": 0.355085,
        "9": 0.157816,
      },
      "expectedPlace": 5.857,
      "probs": {
        "1": 0.043,
        "10": 0.031,
        "11": 0.052,
        "12": 0.026,
        "13": 0.012,
        "14": 0.013,
        "2": 0.101,
        "3": 0.146,
        "4": 0.079,
        "5": 0.12,
        "6": 0.116,
        "7": 0.116,
        "8": 0.087,
        "9": 0.058,
      },
      "queenId": "roxxxy",
    },
    {
      "argmaxPlace": 6,
      "brightness": {
        "1": 0.023669,
        "10": 0.023669,
        "11": 0.102728,
        "12": 0.042078,
        "13": 0.072485,
        "14": 0.001479,
        "2": 0.102728,
        "3": 0.488207,
        "4": 0.243631,
        "5": 0.673241,
        "6": 1,
        "7": 0.887944,
        "8": 0.33284,
        "9": 0.173611,
      },
      "expectedPlace": 6.473,
      "probs": {
        "1": 0.024,
        "10": 0.024,
        "11": 0.05,
        "12": 0.032,
        "13": 0.042,
        "14": 0.006,
        "2": 0.05,
        "3": 0.109,
        "4": 0.077,
        "5": 0.128,
        "6": 0.156,
        "7": 0.147,
        "8": 0.09,
        "9": 0.065,
      },
      "queenId": "ivy",
    },
    {
      "argmaxPlace": 6,
      "brightness": {
        "1": 0.013937,
        "10": 0.059076,
        "11": 0.156684,
        "12": 0.043403,
        "13": 0.037809,
        "14": 0.049383,
        "2": 0.167872,
        "3": 0.729601,
        "4": 0.293403,
        "5": 0.931761,
        "6": 1,
        "7": 0.521605,
        "8": 0.491946,
        "9": 0.135465,
      },
      "expectedPlace": 6.537,
      "probs": {
        "1": 0.017,
        "10": 0.035,
        "11": 0.057,
        "12": 0.03,
        "13": 0.028,
        "14": 0.032,
        "2": 0.059,
        "3": 0.123,
        "4": 0.078,
        "5": 0.139,
        "6": 0.144,
        "7": 0.104,
        "8": 0.101,
        "9": 0.053,
      },
      "queenId": "coco",
    },
    {
      "argmaxPlace": 9,
      "brightness": {
        "1": 0.000242,
        "10": 0.124138,
        "11": 0.151011,
        "12": 0.295981,
        "13": 0.2032,
        "14": 0.045129,
        "2": 0.000966,
        "3": 0.032887,
        "4": 0.016779,
        "5": 0.042954,
        "6": 0.21265,
        "7": 0.361245,
        "8": 0.3675,
        "9": 1,
      },
      "expectedPlace": 8.909,
      "probs": {
        "1": 0.003,
        "10": 0.068,
        "11": 0.075,
        "12": 0.105,
        "13": 0.087,
        "14": 0.041,
        "2": 0.006,
        "3": 0.035,
        "4": 0.025,
        "5": 0.04,
        "6": 0.089,
        "7": 0.116,
        "8": 0.117,
        "9": 0.193,
      },
      "queenId": "lineysha",
    },
    {
      "argmaxPlace": 9,
      "brightness": {
        "1": 0,
        "10": 0.913711,
        "11": 0.666144,
        "12": 0.752811,
        "13": 0.654196,
        "14": 0.702638,
        "2": 0.000054,
        "3": 0.021626,
        "4": 0.021626,
        "5": 0.026168,
        "6": 0.129812,
        "7": 0.320556,
        "8": 0.457612,
        "9": 1,
      },
      "expectedPlace": 10.008,
      "probs": {
        "1": 0,
        "10": 0.13,
        "11": 0.111,
        "12": 0.118,
        "13": 0.11,
        "14": 0.114,
        "2": 0.001,
        "3": 0.02,
        "4": 0.02,
        "5": 0.022,
        "6": 0.049,
        "7": 0.077,
        "8": 0.092,
        "9": 0.136,
      },
      "queenId": "jade_jolie",
    },
    {
      "argmaxPlace": 10,
      "brightness": {
        "1": 0,
        "10": 1,
        "11": 0.5625,
        "12": 0.417757,
        "13": 0.394445,
        "14": 0.52651,
        "2": 0.001338,
        "3": 0.009518,
        "4": 0.017995,
        "5": 0.078673,
        "6": 0.142921,
        "7": 0.209139,
        "8": 0.256135,
        "9": 0.209139,
      },
      "expectedPlace": 9.884,
      "probs": {
        "1": 0,
        "10": 0.164,
        "11": 0.123,
        "12": 0.106,
        "13": 0.103,
        "14": 0.119,
        "2": 0.006,
        "3": 0.016,
        "4": 0.022,
        "5": 0.046,
        "6": 0.062,
        "7": 0.075,
        "8": 0.083,
        "9": 0.075,
      },
      "queenId": "honey",
    },
    {
      "argmaxPlace": 10,
      "brightness": {
        "1": 0,
        "10": 1,
        "11": 0.829401,
        "12": 0.375886,
        "13": 0.398101,
        "14": 0.398101,
        "2": 0.000035,
        "3": 0.001736,
        "4": 0.01024,
        "5": 0.025829,
        "6": 0.081633,
        "7": 0.154337,
        "8": 0.319763,
        "9": 0.375886,
      },
      "expectedPlace": 10.124,
      "probs": {
        "1": 0,
        "10": 0.168,
        "11": 0.153,
        "12": 0.103,
        "13": 0.106,
        "14": 0.106,
        "2": 0.001,
        "3": 0.007,
        "4": 0.017,
        "5": 0.027,
        "6": 0.048,
        "7": 0.066,
        "8": 0.095,
        "9": 0.103,
      },
      "queenId": "vivienne",
    },
    {
      "argmaxPlace": 12,
      "brightness": {
        "1": 0,
        "10": 0.700367,
        "11": 0.565163,
        "12": 1,
        "13": 0.903174,
        "14": 0.630954,
        "2": 0.00005,
        "3": 0.011317,
        "4": 0.008501,
        "5": 0.061617,
        "6": 0.206026,
        "7": 0.363412,
        "8": 0.338212,
        "9": 0.444444,
      },
      "expectedPlace": 10.103,
      "probs": {
        "1": 0,
        "10": 0.118,
        "11": 0.106,
        "12": 0.141,
        "13": 0.134,
        "14": 0.112,
        "2": 0.001,
        "3": 0.015,
        "4": 0.013,
        "5": 0.035,
        "6": 0.064,
        "7": 0.085,
        "8": 0.082,
        "9": 0.094,
      },
      "queenId": "monica",
    },
    {
      "argmaxPlace": 12,
      "brightness": {
        "1": 0,
        "10": 0.207898,
        "11": 0.176139,
        "12": 1,
        "13": 0.93879,
        "14": 0.54133,
        "2": 0.000027,
        "3": 0.000671,
        "4": 0.000671,
        "5": 0.008698,
        "6": 0.022578,
        "7": 0.093452,
        "8": 0.180515,
        "9": 0.324841,
      },
      "expectedPlace": 10.866,
      "probs": {
        "1": 0,
        "10": 0.088,
        "11": 0.081,
        "12": 0.193,
        "13": 0.187,
        "14": 0.142,
        "2": 0.001,
        "3": 0.005,
        "4": 0.005,
        "5": 0.018,
        "6": 0.029,
        "7": 0.059,
        "8": 0.082,
        "9": 0.11,
      },
      "queenId": "serena",
    },
    {
      "argmaxPlace": 14,
      "brightness": {
        "1": 0,
        "10": 0.345724,
        "11": 0.20308,
        "12": 0.265247,
        "13": 0.570576,
        "14": 1,
        "2": 0.000074,
        "3": 0.000903,
        "4": 0.001179,
        "5": 0.00361,
        "6": 0.022564,
        "7": 0.032493,
        "8": 0.090258,
        "9": 0.04791,
      },
      "expectedPlace": 11.165,
      "probs": {
        "1": 0,
        "10": 0.137,
        "11": 0.105,
        "12": 0.12,
        "13": 0.176,
        "14": 0.233,
        "2": 0.002,
        "3": 0.007,
        "4": 0.008,
        "5": 0.014,
        "6": 0.035,
        "7": 0.042,
        "8": 0.07,
        "9": 0.051,
      },
      "queenId": "penny",
    },
  ],
}
`;
