// Vitest Snapshot v1, https://vitest.dev/guide/snapshot.html

exports[`S5 placementGrid data matches snapshot (rounded 6dp) 1`] = `
{
  "queenOrder": [
    "alaska",
    "jinkx",
    "alyssa",
    "detox",
    "roxxxy",
    "coco",
    "ivy",
    "lineysha",
    "jade",
    "honey",
    "vivienne",
    "monica",
    "serena",
    "penny",
  ],
  "rows": [
    {
      "argmaxPlace": 1,
      "brightness": {
        "1": 1,
        "10": 0.002066,
        "11": 0.010282,
        "12": 0.00011,
        "13": 0,
        "14": 0.00176,
        "2": 0.858538,
        "3": 0.176048,
        "4": 0.203445,
        "5": 0.06515,
        "6": 0.011003,
        "7": 0.002396,
        "8": 0.005917,
        "9": 0.000196,
      },
      "expectedPlace": 3.2,
      "probs": {
        "1": 0.286,
        "10": 0.013,
        "11": 0.029,
        "12": 0.003,
        "13": 0,
        "14": 0.012,
        "2": 0.265,
        "3": 0.12,
        "4": 0.129,
        "5": 0.073,
        "6": 0.03,
        "7": 0.014,
        "8": 0.022,
        "9": 0.004,
      },
      "queenId": "alaska",
    },
    {
      "argmaxPlace": 1,
      "brightness": {
        "1": 1,
        "10": 0.00182,
        "11": 0.007744,
        "12": 0,
        "13": 0,
        "14": 0.0064,
        "2": 0.177522,
        "3": 0.02646,
        "4": 0.3136,
        "5": 0.076914,
        "6": 0.000028,
        "7": 0.000256,
        "8": 0.000178,
        "9": 0,
      },
      "expectedPlace": 3.271,
      "probs": {
        "1": 0.375,
        "10": 0.016,
        "11": 0.033,
        "12": 0,
        "13": 0,
        "14": 0.03,
        "2": 0.158,
        "3": 0.061,
        "4": 0.21,
        "5": 0.104,
        "6": 0.002,
        "7": 0.006,
        "8": 0.005,
        "9": 0,
      },
      "queenId": "jinkx",
    },
    {
      "argmaxPlace": 2,
      "brightness": {
        "1": 0.656659,
        "10": 0,
        "11": 0.000074,
        "12": 0.00091,
        "13": 0.000167,
        "14": 0.011612,
        "2": 1,
        "3": 0.418029,
        "4": 0.788422,
        "5": 0.153853,
        "6": 0.071418,
        "7": 0.005369,
        "8": 0.00091,
        "9": 0.001858,
      },
      "expectedPlace": 3.513,
      "probs": {
        "1": 0.188,
        "10": 0,
        "11": 0.002,
        "12": 0.007,
        "13": 0.003,
        "14": 0.025,
        "2": 0.232,
        "3": 0.15,
        "4": 0.206,
        "5": 0.091,
        "6": 0.062,
        "7": 0.017,
        "8": 0.007,
        "9": 0.01,
      },
      "queenId": "alyssa",
    },
    {
      "argmaxPlace": 3,
      "brightness": {
        "1": 0.133747,
        "10": 0.015804,
        "11": 0.063216,
        "12": 0.01058,
        "13": 0.005518,
        "14": 0.007347,
        "2": 0.402318,
        "3": 1,
        "4": 0.36689,
        "5": 0.54338,
        "6": 0.4096,
        "7": 0.183673,
        "8": 0.125518,
        "9": 0.095216,
      },
      "expectedPlace": 5.358,
      "probs": {
        "1": 0.064,
        "10": 0.022,
        "11": 0.044,
        "12": 0.018,
        "13": 0.013,
        "14": 0.015,
        "2": 0.111,
        "3": 0.175,
        "4": 0.106,
        "5": 0.129,
        "6": 0.112,
        "7": 0.075,
        "8": 0.062,
        "9": 0.054,
      },
      "queenId": "detox",
    },
    {
      "argmaxPlace": 3,
      "brightness": {
        "1": 0.090824,
        "10": 0.042222,
        "11": 0.112638,
        "12": 0.029321,
        "13": 0.009195,
        "14": 0.007928,
        "2": 0.517217,
        "3": 1,
        "4": 0.300244,
        "5": 0.709749,
        "6": 0.599034,
        "7": 0.599034,
        "8": 0.388488,
        "9": 0.136799,
      },
      "expectedPlace": 5.813,
      "probs": {
        "1": 0.044,
        "10": 0.03,
        "11": 0.049,
        "12": 0.025,
        "13": 0.014,
        "14": 0.013,
        "2": 0.105,
        "3": 0.146,
        "4": 0.08,
        "5": 0.123,
        "6": 0.113,
        "7": 0.113,
        "8": 0.091,
        "9": 0.054,
      },
      "queenId": "roxxxy",
    },
    {
      "argmaxPlace": 6,
      "brightness": {
        "1": 0.012176,
        "10": 0.065113,
        "11": 0.128609,
        "12": 0.042806,
        "13": 0.025161,
        "14": 0.048704,
        "2": 0.165565,
        "3": 0.779263,
        "4": 0.312057,
        "5": 0.959049,
        "6": 1,
        "7": 0.514435,
        "8": 0.420262,
        "9": 0.15453,
      },
      "expectedPlace": 6.464,
      "probs": {
        "1": 0.016,
        "10": 0.037,
        "11": 0.052,
        "12": 0.03,
        "13": 0.023,
        "14": 0.032,
        "2": 0.059,
        "3": 0.128,
        "4": 0.081,
        "5": 0.142,
        "6": 0.145,
        "7": 0.104,
        "8": 0.094,
        "9": 0.057,
      },
      "queenId": "coco",
    },
    {
      "argmaxPlace": 7,
      "brightness": {
        "1": 0.024606,
        "10": 0.022598,
        "11": 0.090393,
        "12": 0.043744,
        "13": 0.086505,
        "14": 0.001538,
        "2": 0.115511,
        "3": 0.564954,
        "4": 0.221453,
        "5": 0.689009,
        "6": 0.935708,
        "7": 1,
        "8": 0.369473,
        "9": 0.174975,
      },
      "expectedPlace": 6.464,
      "probs": {
        "1": 0.024,
        "10": 0.023,
        "11": 0.046,
        "12": 0.032,
        "13": 0.045,
        "14": 0.006,
        "2": 0.052,
        "3": 0.115,
        "4": 0.072,
        "5": 0.127,
        "6": 0.148,
        "7": 0.153,
        "8": 0.093,
        "9": 0.064,
      },
      "queenId": "ivy",
    },
    {
      "argmaxPlace": 9,
      "brightness": {
        "1": 0.000249,
        "10": 0.109945,
        "11": 0.143601,
        "12": 0.282576,
        "13": 0.25,
        "14": 0.046565,
        "2": 0.001357,
        "3": 0.042133,
        "4": 0.017313,
        "5": 0.044321,
        "6": 0.25,
        "7": 0.353712,
        "8": 0.372742,
        "9": 1,
      },
      "expectedPlace": 8.876,
      "probs": {
        "1": 0.003,
        "10": 0.063,
        "11": 0.072,
        "12": 0.101,
        "13": 0.095,
        "14": 0.041,
        "2": 0.007,
        "3": 0.039,
        "4": 0.025,
        "5": 0.04,
        "6": 0.095,
        "7": 0.113,
        "8": 0.116,
        "9": 0.19,
      },
      "queenId": "lineysha",
    },
    {
      "argmaxPlace": 9,
      "brightness": {
        "1": 0,
        "10": 0.953674,
        "11": 0.83551,
        "12": 0.878906,
        "13": 0.698792,
        "14": 0.793213,
        "2": 0.000061,
        "3": 0.010315,
        "4": 0.029541,
        "5": 0.026917,
        "6": 0.158752,
        "7": 0.390625,
        "8": 0.62262,
        "9": 1,
      },
      "expectedPlace": 10.024,
      "probs": {
        "1": 0,
        "10": 0.125,
        "11": 0.117,
        "12": 0.12,
        "13": 0.107,
        "14": 0.114,
        "2": 0.001,
        "3": 0.013,
        "4": 0.022,
        "5": 0.021,
        "6": 0.051,
        "7": 0.08,
        "8": 0.101,
        "9": 0.128,
      },
      "queenId": "jade",
    },
    {
      "argmaxPlace": 10,
      "brightness": {
        "1": 0,
        "10": 1,
        "11": 0.588743,
        "12": 0.469958,
        "13": 0.444444,
        "14": 0.560144,
        "2": 0.000633,
        "3": 0.012816,
        "4": 0.020925,
        "5": 0.073138,
        "6": 0.162019,
        "7": 0.240655,
        "8": 0.259523,
        "9": 0.216605,
      },
      "expectedPlace": 9.897,
      "probs": {
        "1": 0,
        "10": 0.159,
        "11": 0.122,
        "12": 0.109,
        "13": 0.106,
        "14": 0.119,
        "2": 0.004,
        "3": 0.018,
        "4": 0.023,
        "5": 0.043,
        "6": 0.064,
        "7": 0.078,
        "8": 0.081,
        "9": 0.074,
      },
      "queenId": "honey",
    },
    {
      "argmaxPlace": 10,
      "brightness": {
        "1": 0,
        "10": 1,
        "11": 0.915447,
        "12": 0.420096,
        "13": 0.428136,
        "14": 0.428136,
        "2": 0.000152,
        "3": 0.001867,
        "4": 0.008573,
        "5": 0.039018,
        "6": 0.09526,
        "7": 0.137174,
        "8": 0.315539,
        "9": 0.452713,
      },
      "expectedPlace": 10.121,
      "probs": {
        "1": 0,
        "10": 0.162,
        "11": 0.155,
        "12": 0.105,
        "13": 0.106,
        "14": 0.106,
        "2": 0.002,
        "3": 0.007,
        "4": 0.015,
        "5": 0.032,
        "6": 0.05,
        "7": 0.06,
        "8": 0.091,
        "9": 0.109,
      },
      "queenId": "vivienne",
    },
    {
      "argmaxPlace": 12,
      "brightness": {
        "1": 0,
        "10": 0.72431,
        "11": 0.502993,
        "12": 1,
        "13": 0.863186,
        "14": 0.630954,
        "2": 0.000201,
        "3": 0.014536,
        "4": 0.016297,
        "5": 0.058146,
        "6": 0.199638,
        "7": 0.354912,
        "8": 0.346512,
        "9": 0.453951,
      },
      "expectedPlace": 10.045,
      "probs": {
        "1": 0,
        "10": 0.12,
        "11": 0.1,
        "12": 0.141,
        "13": 0.131,
        "14": 0.112,
        "2": 0.002,
        "3": 0.017,
        "4": 0.018,
        "5": 0.034,
        "6": 0.063,
        "7": 0.084,
        "8": 0.083,
        "9": 0.095,
      },
      "queenId": "monica",
    },
    {
      "argmaxPlace": 13,
      "brightness": {
        "1": 0,
        "10": 0.219727,
        "11": 0.173611,
        "12": 0.928413,
        "13": 1,
        "14": 0.546984,
        "2": 0,
        "3": 0.000434,
        "4": 0.000678,
        "5": 0.013129,
        "6": 0.024414,
        "7": 0.097656,
        "8": 0.1824,
        "9": 0.316406,
      },
      "expectedPlace": 10.854,
      "probs": {
        "1": 0,
        "10": 0.09,
        "11": 0.08,
        "12": 0.185,
        "13": 0.192,
        "14": 0.142,
        "2": 0,
        "3": 0.004,
        "4": 0.005,
        "5": 0.022,
        "6": 0.03,
        "7": 0.06,
        "8": 0.082,
        "9": 0.108,
      },
      "queenId": "serena",
    },
    {
      "argmaxPlace": 14,
      "brightness": {
        "1": 0,
        "10": 0.361031,
        "11": 0.180534,
        "12": 0.283225,
        "13": 0.501483,
        "14": 1,
        "2": 0.000074,
        "3": 0.000903,
        "4": 0.001179,
        "5": 0.00665,
        "6": 0.022564,
        "7": 0.034058,
        "8": 0.095489,
        "9": 0.051742,
      },
      "expectedPlace": 11.1,
      "probs": {
        "1": 0,
        "10": 0.14,
        "11": 0.099,
        "12": 0.124,
        "13": 0.165,
        "14": 0.233,
        "2": 0.002,
        "3": 0.007,
        "4": 0.008,
        "5": 0.019,
        "6": 0.035,
        "7": 0.043,
        "8": 0.072,
        "9": 0.053,
      },
      "queenId": "penny",
    },
  ],
}
`;
