// Vitest Snapshot v1, https://vitest.dev/guide/snapshot.html

exports[`S5 flow data matches snapshot under fixed seed 1`] = `
{
  "elimByEp": {
    "alaska": [
      0.012,
      0,
      0.003,
      0.042,
      0.004,
      0.022,
      0,
      0.014,
      0.03,
      0.073,
      0.129,
      0.385,
    ],
    "alyssa": [
      0.025,
      0.003,
      0.007,
      0.002,
      0.01,
      0.007,
      0,
      0.017,
      0.062,
      0.091,
      0.206,
      0.382,
    ],
    "coco": [
      0.032,
      0.023,
      0.03,
      0.089,
      0.057,
      0.094,
      0,
      0.104,
      0.145,
      0.142,
      0.081,
      0.187,
    ],
    "detox": [
      0.015,
      0.013,
      0.018,
      0.066,
      0.054,
      0.062,
      0,
      0.075,
      0.112,
      0.129,
      0.106,
      0.286,
    ],
    "honey": [
      0.119,
      0.106,
      0.109,
      0.281,
      0.074,
      0.081,
      0,
      0.078,
      0.064,
      0.043,
      0.023,
      0.022,
    ],
    "ivy": [
      0.006,
      0.045,
      0.032,
      0.069,
      0.064,
      0.093,
      0,
      0.153,
      0.148,
      0.127,
      0.072,
      0.167,
    ],
    "jade_jolie": [
      0.114,
      0.107,
      0.12,
      0.242,
      0.128,
      0.101,
      0,
      0.08,
      0.051,
      0.021,
      0.022,
      0.014,
    ],
    "jinkx": [
      0.03,
      0,
      0,
      0.049,
      0,
      0.005,
      0,
      0.006,
      0.002,
      0.104,
      0.21,
      0.219,
    ],
    "lineysha": [
      0.041,
      0.095,
      0.101,
      0.135,
      0.19,
      0.116,
      0,
      0.113,
      0.095,
      0.04,
      0.025,
      0.046,
    ],
    "monica": [
      0.112,
      0.131,
      0.141,
      0.22,
      0.095,
      0.083,
      0,
      0.084,
      0.063,
      0.034,
      0.018,
      0.019,
    ],
    "penny": [
      0.233,
      0.165,
      0.124,
      0.239,
      0.053,
      0.072,
      0,
      0.043,
      0.035,
      0.019,
      0.008,
      0.009,
    ],
    "roxxxy": [
      0.013,
      0.014,
      0.025,
      0.079,
      0.054,
      0.091,
      0,
      0.113,
      0.113,
      0.123,
      0.08,
      0.251,
    ],
    "serena": [
      0.142,
      0.192,
      0.185,
      0.17,
      0.108,
      0.082,
      0,
      0.06,
      0.03,
      0.022,
      0.005,
      0.004,
    ],
    "vivienne": [
      0.106,
      0.106,
      0.105,
      0.317,
      0.109,
      0.091,
      0,
      0.06,
      0.05,
      0.032,
      0.015,
      0.009,
    ],
  },
  "flow": {
    "alaska": [
      {
        "BTM2": 0.013,
        "ELIM": 0.012,
        "HIGH": 0.258,
        "LOW": 0.058,
        "SAFE": 0.511,
        "WIN": 0.148,
      },
      {
        "BTM2": 0.003,
        "ELIM": 0.012,
        "HIGH": 0.453,
        "LOW": 0.031,
        "SAFE": 0.344,
        "WIN": 0.157,
      },
      {
        "BTM2": 0.008,
        "ELIM": 0.015,
        "HIGH": 0.465,
        "LOW": 0.025,
        "SAFE": 0.314,
        "WIN": 0.173,
      },
      {
        "BTM2": 0,
        "ELIM": 0.057,
        "HIGH": 0.297,
        "LOW": 0.12,
        "SAFE": 0.445,
        "WIN": 0.081,
      },
      {
        "BTM2": 0.006,
        "ELIM": 0.061,
        "HIGH": 0.458,
        "LOW": 0.041,
        "SAFE": 0.161,
        "WIN": 0.273,
      },
      {
        "BTM2": 0.02,
        "ELIM": 0.083,
        "HIGH": 0.411,
        "LOW": 0.143,
        "SAFE": 0.129,
        "WIN": 0.214,
      },
      {
        "BTM2": 0.03,
        "ELIM": 0.083,
        "HIGH": 0.279,
        "LOW": 0.054,
        "SAFE": 0.282,
        "WIN": 0.272,
      },
      {
        "BTM2": 0.023,
        "ELIM": 0.097,
        "HIGH": 0.297,
        "LOW": 0.047,
        "SAFE": 0.297,
        "WIN": 0.239,
      },
      {
        "BTM2": 0.045,
        "ELIM": 0.127,
        "HIGH": 0.339,
        "LOW": 0.125,
        "SAFE": 0.194,
        "WIN": 0.17,
      },
      {
        "BTM2": 0.132,
        "ELIM": 0.2,
        "HIGH": 0.206,
        "LOW": 0.186,
        "SAFE": 0,
        "WIN": 0.276,
      },
      {
        "BTM2": 0.153,
        "ELIM": 0.329,
        "HIGH": 0.223,
        "LOW": 0,
        "SAFE": 0,
        "WIN": 0.295,
      },
      {
        "BTM2": 0,
        "ELIM": 0.714,
        "HIGH": 0,
        "LOW": 0,
        "SAFE": 0,
        "WIN": 0.286,
      },
    ],
    "alyssa": [
      {
        "BTM2": 0.069,
        "ELIM": 0.025,
        "HIGH": 0.153,
        "LOW": 0.122,
        "SAFE": 0.578,
        "WIN": 0.053,
      },
      {
        "BTM2": 0.013,
        "ELIM": 0.028,
        "HIGH": 0.38,
        "LOW": 0.035,
        "SAFE": 0.464,
        "WIN": 0.08,
      },
      {
        "BTM2": 0.008,
        "ELIM": 0.035,
        "HIGH": 0.361,
        "LOW": 0.051,
        "SAFE": 0.461,
        "WIN": 0.084,
      },
      {
        "BTM2": 0,
        "ELIM": 0.037,
        "HIGH": 0.251,
        "LOW": 0.007,
        "SAFE": 0.097,
        "WIN": 0.608,
      },
      {
        "BTM2": 0.019,
        "ELIM": 0.047,
        "HIGH": 0.447,
        "LOW": 0.12,
        "SAFE": 0.275,
        "WIN": 0.092,
      },
      {
        "BTM2": 0.024,
        "ELIM": 0.054,
        "HIGH": 0.461,
        "LOW": 0.127,
        "SAFE": 0.124,
        "WIN": 0.21,
      },
      {
        "BTM2": 0.081,
        "ELIM": 0.054,
        "HIGH": 0.239,
        "LOW": 0.104,
        "SAFE": 0.369,
        "WIN": 0.153,
      },
      {
        "BTM2": 0.043,
        "ELIM": 0.071,
        "HIGH": 0.236,
        "LOW": 0.104,
        "SAFE": 0.367,
        "WIN": 0.179,
      },
      {
        "BTM2": 0.113,
        "ELIM": 0.133,
        "HIGH": 0.235,
        "LOW": 0.208,
        "SAFE": 0.231,
        "WIN": 0.08,
      },
      {
        "BTM2": 0.133,
        "ELIM": 0.224,
        "HIGH": 0.234,
        "LOW": 0.188,
        "SAFE": 0,
        "WIN": 0.221,
      },
      {
        "BTM2": 0.274,
        "ELIM": 0.43,
        "HIGH": 0.166,
        "LOW": 0,
        "SAFE": 0,
        "WIN": 0.13,
      },
      {
        "BTM2": 0,
        "ELIM": 0.812,
        "HIGH": 0,
        "LOW": 0,
        "SAFE": 0,
        "WIN": 0.188,
      },
    ],
    "coco": [
      {
        "BTM2": 0.045,
        "ELIM": 0.032,
        "HIGH": 0.17,
        "LOW": 0.119,
        "SAFE": 0.575,
        "WIN": 0.059,
      },
      {
        "BTM2": 0.042,
        "ELIM": 0.055,
        "HIGH": 0.132,
        "LOW": 0.141,
        "SAFE": 0.606,
        "WIN": 0.024,
      },
      {
        "BTM2": 0.06,
        "ELIM": 0.085,
        "HIGH": 0.132,
        "LOW": 0.165,
        "SAFE": 0.544,
        "WIN": 0.014,
      },
      {
        "BTM2": 0,
        "ELIM": 0.174,
        "HIGH": 0.202,
        "LOW": 0.165,
        "SAFE": 0.418,
        "WIN": 0.041,
      },
      {
        "BTM2": 0.084,
        "ELIM": 0.231,
        "HIGH": 0.175,
        "LOW": 0.246,
        "SAFE": 0.247,
        "WIN": 0.017,
      },
      {
        "BTM2": 0.172,
        "ELIM": 0.325,
        "HIGH": 0.118,
        "LOW": 0.25,
        "SAFE": 0.111,
        "WIN": 0.024,
      },
      {
        "BTM2": 0.188,
        "ELIM": 0.325,
        "HIGH": 0.063,
        "LOW": 0.139,
        "SAFE": 0.261,
        "WIN": 0.024,
      },
      {
        "BTM2": 0.137,
        "ELIM": 0.429,
        "HIGH": 0.058,
        "LOW": 0.151,
        "SAFE": 0.205,
        "WIN": 0.02,
      },
      {
        "BTM2": 0.151,
        "ELIM": 0.574,
        "HIGH": 0.052,
        "LOW": 0.122,
        "SAFE": 0.092,
        "WIN": 0.009,
      },
      {
        "BTM2": 0.119,
        "ELIM": 0.716,
        "HIGH": 0.058,
        "LOW": 0.072,
        "SAFE": 0,
        "WIN": 0.035,
      },
      {
        "BTM2": 0.076,
        "ELIM": 0.797,
        "HIGH": 0.087,
        "LOW": 0,
        "SAFE": 0,
        "WIN": 0.04,
      },
      {
        "BTM2": 0,
        "ELIM": 0.984,
        "HIGH": 0,
        "LOW": 0,
        "SAFE": 0,
        "WIN": 0.016,
      },
    ],
    "detox": [
      {
        "BTM2": 0.013,
        "ELIM": 0.015,
        "HIGH": 0.27,
        "LOW": 0.061,
        "SAFE": 0.506,
        "WIN": 0.135,
      },
      {
        "BTM2": 0.015,
        "ELIM": 0.028,
        "HIGH": 0.247,
        "LOW": 0.1,
        "SAFE": 0.579,
        "WIN": 0.031,
      },
      {
        "BTM2": 0.039,
        "ELIM": 0.046,
        "HIGH": 0.272,
        "LOW": 0.087,
        "SAFE": 0.515,
        "WIN": 0.041,
      },
      {
        "BTM2": 0,
        "ELIM": 0.112,
        "HIGH": 0.262,
        "LOW": 0.13,
        "SAFE": 0.423,
        "WIN": 0.073,
      },
      {
        "BTM2": 0.056,
        "ELIM": 0.166,
        "HIGH": 0.192,
        "LOW": 0.25,
        "SAFE": 0.318,
        "WIN": 0.018,
      },
      {
        "BTM2": 0.097,
        "ELIM": 0.228,
        "HIGH": 0.202,
        "LOW": 0.258,
        "SAFE": 0.156,
        "WIN": 0.059,
      },
      {
        "BTM2": 0.169,
        "ELIM": 0.228,
        "HIGH": 0.087,
        "LOW": 0.151,
        "SAFE": 0.323,
        "WIN": 0.042,
      },
      {
        "BTM2": 0.121,
        "ELIM": 0.303,
        "HIGH": 0.081,
        "LOW": 0.158,
        "SAFE": 0.309,
        "WIN": 0.028,
      },
      {
        "BTM2": 0.126,
        "ELIM": 0.415,
        "HIGH": 0.106,
        "LOW": 0.16,
        "SAFE": 0.16,
        "WIN": 0.033,
      },
      {
        "BTM2": 0.129,
        "ELIM": 0.544,
        "HIGH": 0.108,
        "LOW": 0.126,
        "SAFE": 0,
        "WIN": 0.093,
      },
      {
        "BTM2": 0.072,
        "ELIM": 0.65,
        "HIGH": 0.118,
        "LOW": 0,
        "SAFE": 0,
        "WIN": 0.16,
      },
      {
        "BTM2": 0,
        "ELIM": 0.936,
        "HIGH": 0,
        "LOW": 0,
        "SAFE": 0,
        "WIN": 0.064,
      },
    ],
    "honey": [
      {
        "BTM2": 0.119,
        "ELIM": 0.119,
        "HIGH": 0.059,
        "LOW": 0.198,
        "SAFE": 0.487,
        "WIN": 0.018,
      },
      {
        "BTM2": 0.098,
        "ELIM": 0.225,
        "HIGH": 0.054,
        "LOW": 0.18,
        "SAFE": 0.437,
        "WIN": 0.006,
      },
      {
        "BTM2": 0.122,
        "ELIM": 0.334,
        "HIGH": 0.034,
        "LOW": 0.202,
        "SAFE": 0.305,
        "WIN": 0.003,
      },
      {
        "BTM2": 0,
        "ELIM": 0.615,
        "HIGH": 0.029,
        "LOW": 0.176,
        "SAFE": 0.179,
        "WIN": 0.001,
      },
      {
        "BTM2": 0.069,
        "ELIM": 0.689,
        "HIGH": 0.024,
        "LOW": 0.13,
        "SAFE": 0.087,
        "WIN": 0.001,
      },
      {
        "BTM2": 0.061,
        "ELIM": 0.77,
        "HIGH": 0.035,
        "LOW": 0.099,
        "SAFE": 0.031,
        "WIN": 0.004,
      },
      {
        "BTM2": 0.152,
        "ELIM": 0.77,
        "HIGH": 0.012,
        "LOW": 0.036,
        "SAFE": 0.029,
        "WIN": 0.001,
      },
      {
        "BTM2": 0.061,
        "ELIM": 0.848,
        "HIGH": 0.008,
        "LOW": 0.037,
        "SAFE": 0.045,
        "WIN": 0.001,
      },
      {
        "BTM2": 0.049,
        "ELIM": 0.912,
        "HIGH": 0.003,
        "LOW": 0.022,
        "SAFE": 0.012,
        "WIN": 0.002,
      },
      {
        "BTM2": 0.025,
        "ELIM": 0.955,
        "HIGH": 0.008,
        "LOW": 0.009,
        "SAFE": 0,
        "WIN": 0.003,
      },
      {
        "BTM2": 0.013,
        "ELIM": 0.978,
        "HIGH": 0.006,
        "LOW": 0,
        "SAFE": 0,
        "WIN": 0.003,
      },
      {
        "BTM2": 0,
        "ELIM": 1,
        "HIGH": 0,
        "LOW": 0,
        "SAFE": 0,
        "WIN": 0,
      },
    ],
    "ivy": [
      {
        "BTM2": 0.01,
        "ELIM": 0.006,
        "HIGH": 0.281,
        "LOW": 0.047,
        "SAFE": 0.434,
        "WIN": 0.222,
      },
      {
        "BTM2": 0.047,
        "ELIM": 0.051,
        "HIGH": 0.13,
        "LOW": 0.154,
        "SAFE": 0.603,
        "WIN": 0.015,
      },
      {
        "BTM2": 0.063,
        "ELIM": 0.083,
        "HIGH": 0.118,
        "LOW": 0.2,
        "SAFE": 0.519,
        "WIN": 0.017,
      },
      {
        "BTM2": 0,
        "ELIM": 0.152,
        "HIGH": 0.218,
        "LOW": 0.132,
        "SAFE": 0.461,
        "WIN": 0.037,
      },
      {
        "BTM2": 0.093,
        "ELIM": 0.216,
        "HIGH": 0.146,
        "LOW": 0.246,
        "SAFE": 0.278,
        "WIN": 0.021,
      },
      {
        "BTM2": 0.124,
        "ELIM": 0.309,
        "HIGH": 0.159,
        "LOW": 0.263,
        "SAFE": 0.122,
        "WIN": 0.023,
      },
      {
        "BTM2": 0.288,
        "ELIM": 0.309,
        "HIGH": 0.04,
        "LOW": 0.134,
        "SAFE": 0.216,
        "WIN": 0.013,
      },
      {
        "BTM2": 0.142,
        "ELIM": 0.462,
        "HIGH": 0.032,
        "LOW": 0.148,
        "SAFE": 0.202,
        "WIN": 0.014,
      },
      {
        "BTM2": 0.146,
        "ELIM": 0.61,
        "HIGH": 0.038,
        "LOW": 0.118,
        "SAFE": 0.078,
        "WIN": 0.01,
      },
      {
        "BTM2": 0.091,
        "ELIM": 0.737,
        "HIGH": 0.07,
        "LOW": 0.07,
        "SAFE": 0,
        "WIN": 0.032,
      },
      {
        "BTM2": 0.047,
        "ELIM": 0.809,
        "HIGH": 0.08,
        "LOW": 0,
        "SAFE": 0,
        "WIN": 0.064,
      },
      {
        "BTM2": 0,
        "ELIM": 0.976,
        "HIGH": 0,
        "LOW": 0,
        "SAFE": 0,
        "WIN": 0.024,
      },
    ],
    "jade_jolie": [
      {
        "BTM2": 0.101,
        "ELIM": 0.114,
        "HIGH": 0.07,
        "LOW": 0.189,
        "SAFE": 0.51,
        "WIN": 0.016,
      },
      {
        "BTM2": 0.129,
        "ELIM": 0.221,
        "HIGH": 0.023,
        "LOW": 0.215,
        "SAFE": 0.407,
        "WIN": 0.005,
      },
      {
        "BTM2": 0.123,
        "ELIM": 0.341,
        "HIGH": 0.027,
        "LOW": 0.182,
        "SAFE": 0.323,
        "WIN": 0.004,
      },
      {
        "BTM2": 0,
        "ELIM": 0.583,
        "HIGH": 0.039,
        "LOW": 0.161,
        "SAFE": 0.214,
        "WIN": 0.003,
      },
      {
        "BTM2": 0.113,
        "ELIM": 0.711,
        "HIGH": 0.02,
        "LOW": 0.114,
        "SAFE": 0.042,
        "WIN": 0,
      },
      {
        "BTM2": 0.071,
        "ELIM": 0.812,
        "HIGH": 0.011,
        "LOW": 0.084,
        "SAFE": 0.019,
        "WIN": 0.003,
      },
      {
        "BTM2": 0.125,
        "ELIM": 0.812,
        "HIGH": 0,
        "LOW": 0.046,
        "SAFE": 0.016,
        "WIN": 0.001,
      },
      {
        "BTM2": 0.05,
        "ELIM": 0.892,
        "HIGH": 0.002,
        "LOW": 0.026,
        "SAFE": 0.028,
        "WIN": 0.002,
      },
      {
        "BTM2": 0.032,
        "ELIM": 0.943,
        "HIGH": 0.003,
        "LOW": 0.01,
        "SAFE": 0.012,
        "WIN": 0,
      },
      {
        "BTM2": 0.022,
        "ELIM": 0.964,
        "HIGH": 0.002,
        "LOW": 0.009,
        "SAFE": 0,
        "WIN": 0.003,
      },
      {
        "BTM2": 0.009,
        "ELIM": 0.986,
        "HIGH": 0.004,
        "LOW": 0,
        "SAFE": 0,
        "WIN": 0.001,
      },
      {
        "BTM2": 0,
        "ELIM": 1,
        "HIGH": 0,
        "LOW": 0,
        "SAFE": 0,
        "WIN": 0,
      },
    ],
    "jinkx": [
      {
        "BTM2": 0.055,
        "ELIM": 0.03,
        "HIGH": 0.156,
        "LOW": 0.124,
        "SAFE": 0.565,
        "WIN": 0.07,
      },
      {
        "BTM2": 0,
        "ELIM": 0.03,
        "HIGH": 0.248,
        "LOW": 0.001,
        "SAFE": 0.075,
        "WIN": 0.646,
      },
      {
        "BTM2": 0,
        "ELIM": 0.03,
        "HIGH": 0.262,
        "LOW": 0.001,
        "SAFE": 0.082,
        "WIN": 0.625,
      },
      {
        "BTM2": 0,
        "ELIM": 0.079,
        "HIGH": 0.264,
        "LOW": 0.151,
        "SAFE": 0.429,
        "WIN": 0.077,
      },
      {
        "BTM2": 0,
        "ELIM": 0.079,
        "HIGH": 0.31,
        "LOW": 0.01,
        "SAFE": 0.042,
        "WIN": 0.559,
      },
      {
        "BTM2": 0.006,
        "ELIM": 0.084,
        "HIGH": 0.36,
        "LOW": 0.058,
        "SAFE": 0.077,
        "WIN": 0.415,
      },
      {
        "BTM2": 0.009,
        "ELIM": 0.084,
        "HIGH": 0.221,
        "LOW": 0.026,
        "SAFE": 0.179,
        "WIN": 0.481,
      },
      {
        "BTM2": 0.005,
        "ELIM": 0.09,
        "HIGH": 0.229,
        "LOW": 0.02,
        "SAFE": 0.166,
        "WIN": 0.49,
      },
      {
        "BTM2": 0.007,
        "ELIM": 0.092,
        "HIGH": 0.146,
        "LOW": 0.017,
        "SAFE": 0.068,
        "WIN": 0.67,
      },
      {
        "BTM2": 0.119,
        "ELIM": 0.196,
        "HIGH": 0.217,
        "LOW": 0.199,
        "SAFE": 0,
        "WIN": 0.269,
      },
      {
        "BTM2": 0.238,
        "ELIM": 0.406,
        "HIGH": 0.196,
        "LOW": 0,
        "SAFE": 0,
        "WIN": 0.16,
      },
      {
        "BTM2": 0,
        "ELIM": 0.625,
        "HIGH": 0,
        "LOW": 0,
        "SAFE": 0,
        "WIN": 0.375,
      },
    ],
    "lineysha": [
      {
        "BTM2": 0.04,
        "ELIM": 0.041,
        "HIGH": 0.152,
        "LOW": 0.118,
        "SAFE": 0.582,
        "WIN": 0.067,
      },
      {
        "BTM2": 0.093,
        "ELIM": 0.136,
        "HIGH": 0.061,
        "LOW": 0.215,
        "SAFE": 0.49,
        "WIN": 0.005,
      },
      {
        "BTM2": 0.106,
        "ELIM": 0.237,
        "HIGH": 0.063,
        "LOW": 0.194,
        "SAFE": 0.397,
        "WIN": 0.003,
      },
      {
        "BTM2": 0,
        "ELIM": 0.372,
        "HIGH": 0.091,
        "LOW": 0.205,
        "SAFE": 0.323,
        "WIN": 0.009,
      },
      {
        "BTM2": 0.203,
        "ELIM": 0.562,
        "HIGH": 0.016,
        "LOW": 0.156,
        "SAFE": 0.063,
        "WIN": 0,
      },
      {
        "BTM2": 0.09,
        "ELIM": 0.678,
        "HIGH": 0.036,
        "LOW": 0.152,
        "SAFE": 0.039,
        "WIN": 0.005,
      },
      {
        "BTM2": 0.249,
        "ELIM": 0.678,
        "HIGH": 0.003,
        "LOW": 0.031,
        "SAFE": 0.039,
        "WIN": 0,
      },
      {
        "BTM2": 0.11,
        "ELIM": 0.791,
        "HIGH": 0.007,
        "LOW": 0.044,
        "SAFE": 0.045,
        "WIN": 0.003,
      },
      {
        "BTM2": 0.06,
        "ELIM": 0.886,
        "HIGH": 0.008,
        "LOW": 0.033,
        "SAFE": 0.012,
        "WIN": 0.001,
      },
      {
        "BTM2": 0.033,
        "ELIM": 0.926,
        "HIGH": 0.02,
        "LOW": 0.016,
        "SAFE": 0,
        "WIN": 0.005,
      },
      {
        "BTM2": 0.022,
        "ELIM": 0.951,
        "HIGH": 0.01,
        "LOW": 0,
        "SAFE": 0,
        "WIN": 0.017,
      },
      {
        "BTM2": 0,
        "ELIM": 0.997,
        "HIGH": 0,
        "LOW": 0,
        "SAFE": 0,
        "WIN": 0.003,
      },
    ],
    "monica": [
      {
        "BTM2": 0.146,
        "ELIM": 0.112,
        "HIGH": 0.04,
        "LOW": 0.216,
        "SAFE": 0.468,
        "WIN": 0.018,
      },
      {
        "BTM2": 0.16,
        "ELIM": 0.243,
        "HIGH": 0.018,
        "LOW": 0.219,
        "SAFE": 0.358,
        "WIN": 0.002,
      },
      {
        "BTM2": 0.142,
        "ELIM": 0.384,
        "HIGH": 0.018,
        "LOW": 0.214,
        "SAFE": 0.242,
        "WIN": 0,
      },
      {
        "BTM2": 0,
        "ELIM": 0.604,
        "HIGH": 0.045,
        "LOW": 0.177,
        "SAFE": 0.168,
        "WIN": 0.006,
      },
      {
        "BTM2": 0.085,
        "ELIM": 0.699,
        "HIGH": 0.028,
        "LOW": 0.11,
        "SAFE": 0.076,
        "WIN": 0.002,
      },
      {
        "BTM2": 0.062,
        "ELIM": 0.782,
        "HIGH": 0.026,
        "LOW": 0.102,
        "SAFE": 0.025,
        "WIN": 0.003,
      },
      {
        "BTM2": 0.128,
        "ELIM": 0.782,
        "HIGH": 0.005,
        "LOW": 0.046,
        "SAFE": 0.039,
        "WIN": 0,
      },
      {
        "BTM2": 0.055,
        "ELIM": 0.866,
        "HIGH": 0.005,
        "LOW": 0.042,
        "SAFE": 0.032,
        "WIN": 0,
      },
      {
        "BTM2": 0.045,
        "ELIM": 0.929,
        "HIGH": 0,
        "LOW": 0.016,
        "SAFE": 0.008,
        "WIN": 0.002,
      },
      {
        "BTM2": 0.027,
        "ELIM": 0.963,
        "HIGH": 0.002,
        "LOW": 0.007,
        "SAFE": 0,
        "WIN": 0.001,
      },
      {
        "BTM2": 0.01,
        "ELIM": 0.981,
        "HIGH": 0.004,
        "LOW": 0,
        "SAFE": 0,
        "WIN": 0.005,
      },
      {
        "BTM2": 0,
        "ELIM": 1,
        "HIGH": 0,
        "LOW": 0,
        "SAFE": 0,
        "WIN": 0,
      },
    ],
    "penny": [
      {
        "BTM2": 0.148,
        "ELIM": 0.233,
        "HIGH": 0.026,
        "LOW": 0.229,
        "SAFE": 0.358,
        "WIN": 0.006,
      },
      {
        "BTM2": 0.1,
        "ELIM": 0.398,
        "HIGH": 0.021,
        "LOW": 0.19,
        "SAFE": 0.29,
        "WIN": 0.001,
      },
      {
        "BTM2": 0.09,
        "ELIM": 0.522,
        "HIGH": 0.019,
        "LOW": 0.17,
        "SAFE": 0.197,
        "WIN": 0.002,
      },
      {
        "BTM2": 0,
        "ELIM": 0.761,
        "HIGH": 0.013,
        "LOW": 0.122,
        "SAFE": 0.104,
        "WIN": 0,
      },
      {
        "BTM2": 0.032,
        "ELIM": 0.814,
        "HIGH": 0.015,
        "LOW": 0.081,
        "SAFE": 0.056,
        "WIN": 0.002,
      },
      {
        "BTM2": 0.038,
        "ELIM": 0.886,
        "HIGH": 0.008,
        "LOW": 0.049,
        "SAFE": 0.014,
        "WIN": 0.005,
      },
      {
        "BTM2": 0.069,
        "ELIM": 0.886,
        "HIGH": 0.005,
        "LOW": 0.018,
        "SAFE": 0.021,
        "WIN": 0.001,
      },
      {
        "BTM2": 0.029,
        "ELIM": 0.929,
        "HIGH": 0.001,
        "LOW": 0.02,
        "SAFE": 0.021,
        "WIN": 0,
      },
      {
        "BTM2": 0.021,
        "ELIM": 0.964,
        "HIGH": 0,
        "LOW": 0.012,
        "SAFE": 0.003,
        "WIN": 0,
      },
      {
        "BTM2": 0.013,
        "ELIM": 0.983,
        "HIGH": 0.003,
        "LOW": 0.001,
        "SAFE": 0,
        "WIN": 0,
      },
      {
        "BTM2": 0.005,
        "ELIM": 0.991,
        "HIGH": 0.003,
        "LOW": 0,
        "SAFE": 0,
        "WIN": 0.001,
      },
      {
        "BTM2": 0,
        "ELIM": 1,
        "HIGH": 0,
        "LOW": 0,
        "SAFE": 0,
        "WIN": 0,
      },
    ],
    "roxxxy": [
      {
        "BTM2": 0.016,
        "ELIM": 0.013,
        "HIGH": 0.248,
        "LOW": 0.067,
        "SAFE": 0.497,
        "WIN": 0.159,
      },
      {
        "BTM2": 0.041,
        "ELIM": 0.027,
        "HIGH": 0.179,
        "LOW": 0.083,
        "SAFE": 0.645,
        "WIN": 0.025,
      },
      {
        "BTM2": 0.034,
        "ELIM": 0.052,
        "HIGH": 0.166,
        "LOW": 0.12,
        "SAFE": 0.6,
        "WIN": 0.028,
      },
      {
        "BTM2": 0,
        "ELIM": 0.131,
        "HIGH": 0.238,
        "LOW": 0.139,
        "SAFE": 0.436,
        "WIN": 0.056,
      },
      {
        "BTM2": 0.107,
        "ELIM": 0.185,
        "HIGH": 0.14,
        "LOW": 0.305,
        "SAFE": 0.249,
        "WIN": 0.014,
      },
      {
        "BTM2": 0.135,
        "ELIM": 0.276,
        "HIGH": 0.151,
        "LOW": 0.282,
        "SAFE": 0.124,
        "WIN": 0.032,
      },
      {
        "BTM2": 0.316,
        "ELIM": 0.276,
        "HIGH": 0.039,
        "LOW": 0.173,
        "SAFE": 0.186,
        "WIN": 0.01,
      },
      {
        "BTM2": 0.154,
        "ELIM": 0.389,
        "HIGH": 0.037,
        "LOW": 0.163,
        "SAFE": 0.233,
        "WIN": 0.024,
      },
      {
        "BTM2": 0.154,
        "ELIM": 0.502,
        "HIGH": 0.063,
        "LOW": 0.136,
        "SAFE": 0.123,
        "WIN": 0.022,
      },
      {
        "BTM2": 0.143,
        "ELIM": 0.625,
        "HIGH": 0.066,
        "LOW": 0.108,
        "SAFE": 0,
        "WIN": 0.058,
      },
      {
        "BTM2": 0.071,
        "ELIM": 0.705,
        "HIGH": 0.102,
        "LOW": 0,
        "SAFE": 0,
        "WIN": 0.122,
      },
      {
        "BTM2": 0,
        "ELIM": 0.956,
        "HIGH": 0,
        "LOW": 0,
        "SAFE": 0,
        "WIN": 0.044,
      },
    ],
    "serena": [
      {
        "BTM2": 0.101,
        "ELIM": 0.142,
        "HIGH": 0.056,
        "LOW": 0.227,
        "SAFE": 0.459,
        "WIN": 0.015,
      },
      {
        "BTM2": 0.169,
        "ELIM": 0.334,
        "HIGH": 0.01,
        "LOW": 0.203,
        "SAFE": 0.283,
        "WIN": 0.001,
      },
      {
        "BTM2": 0.134,
        "ELIM": 0.519,
        "HIGH": 0.01,
        "LOW": 0.17,
        "SAFE": 0.167,
        "WIN": 0,
      },
      {
        "BTM2": 0,
        "ELIM": 0.689,
        "HIGH": 0.03,
        "LOW": 0.128,
        "SAFE": 0.147,
        "WIN": 0.006,
      },
      {
        "BTM2": 0.079,
        "ELIM": 0.797,
        "HIGH": 0.006,
        "LOW": 0.089,
        "SAFE": 0.029,
        "WIN": 0,
      },
      {
        "BTM2": 0.045,
        "ELIM": 0.879,
        "HIGH": 0.006,
        "LOW": 0.057,
        "SAFE": 0.013,
        "WIN": 0,
      },
      {
        "BTM2": 0.097,
        "ELIM": 0.879,
        "HIGH": 0.002,
        "LOW": 0.014,
        "SAFE": 0.008,
        "WIN": 0,
      },
      {
        "BTM2": 0.034,
        "ELIM": 0.939,
        "HIGH": 0.001,
        "LOW": 0.012,
        "SAFE": 0.014,
        "WIN": 0,
      },
      {
        "BTM2": 0.025,
        "ELIM": 0.969,
        "HIGH": 0.001,
        "LOW": 0.003,
        "SAFE": 0.002,
        "WIN": 0,
      },
      {
        "BTM2": 0.006,
        "ELIM": 0.991,
        "HIGH": 0.002,
        "LOW": 0,
        "SAFE": 0,
        "WIN": 0.001,
      },
      {
        "BTM2": 0.003,
        "ELIM": 0.996,
        "HIGH": 0.001,
        "LOW": 0,
        "SAFE": 0,
        "WIN": 0,
      },
      {
        "BTM2": 0,
        "ELIM": 1,
        "HIGH": 0,
        "LOW": 0,
        "SAFE": 0,
        "WIN": 0,
      },
    ],
    "vivienne": [
      {
        "BTM2": 0.124,
        "ELIM": 0.106,
        "HIGH": 0.061,
        "LOW": 0.225,
        "SAFE": 0.47,
        "WIN": 0.014,
      },
      {
        "BTM2": 0.09,
        "ELIM": 0.212,
        "HIGH": 0.044,
        "LOW": 0.233,
        "SAFE": 0.419,
        "WIN": 0.002,
      },
      {
        "BTM2": 0.071,
        "ELIM": 0.317,
        "HIGH": 0.053,
        "LOW": 0.219,
        "SAFE": 0.334,
        "WIN": 0.006,
      },
      {
        "BTM2": 0,
        "ELIM": 0.634,
        "HIGH": 0.021,
        "LOW": 0.187,
        "SAFE": 0.156,
        "WIN": 0.002,
      },
      {
        "BTM2": 0.054,
        "ELIM": 0.743,
        "HIGH": 0.023,
        "LOW": 0.102,
        "SAFE": 0.077,
        "WIN": 0.001,
      },
      {
        "BTM2": 0.055,
        "ELIM": 0.834,
        "HIGH": 0.016,
        "LOW": 0.076,
        "SAFE": 0.016,
        "WIN": 0.003,
      },
      {
        "BTM2": 0.099,
        "ELIM": 0.834,
        "HIGH": 0.005,
        "LOW": 0.028,
        "SAFE": 0.032,
        "WIN": 0.002,
      },
      {
        "BTM2": 0.036,
        "ELIM": 0.894,
        "HIGH": 0.006,
        "LOW": 0.028,
        "SAFE": 0.036,
        "WIN": 0,
      },
      {
        "BTM2": 0.026,
        "ELIM": 0.944,
        "HIGH": 0.006,
        "LOW": 0.018,
        "SAFE": 0.005,
        "WIN": 0.001,
      },
      {
        "BTM2": 0.008,
        "ELIM": 0.976,
        "HIGH": 0.004,
        "LOW": 0.009,
        "SAFE": 0,
        "WIN": 0.003,
      },
      {
        "BTM2": 0.007,
        "ELIM": 0.991,
        "HIGH": 0,
        "LOW": 0,
        "SAFE": 0,
        "WIN": 0.002,
      },
      {
        "BTM2": 0,
        "ELIM": 1,
        "HIGH": 0,
        "LOW": 0,
        "SAFE": 0,
        "WIN": 0,
      },
    ],
  },
  "queenOrder": [
    "jinkx",
    "alaska",
    "alyssa",
    "detox",
    "roxxxy",
    "ivy",
    "coco",
    "lineysha",
    "jade_jolie",
    "monica",
    "honey",
    "vivienne",
    "serena",
    "penny",
  ],
  "survival": {
    "alaska": [
      1,
      0.988,
      0.988,
      0.985,
      0.943,
      0.939,
      0.917,
      0.917,
      0.903,
      0.873,
      0.8,
      0.671,
    ],
    "alyssa": [
      1,
      0.975,
      0.972,
      0.965,
      0.963,
      0.953,
      0.946,
      0.946,
      0.929,
      0.867,
      0.776,
      0.57,
    ],
    "coco": [
      1,
      0.968,
      0.945,
      0.915,
      0.826,
      0.769,
      0.675,
      0.675,
      0.571,
      0.426,
      0.284,
      0.203,
    ],
    "detox": [
      1,
      0.985,
      0.972,
      0.954,
      0.888,
      0.834,
      0.772,
      0.772,
      0.697,
      0.585,
      0.456,
      0.35,
    ],
    "honey": [
      1,
      0.881,
      0.775,
      0.666,
      0.385,
      0.311,
      0.23,
      0.23,
      0.152,
      0.088,
      0.045,
      0.022,
    ],
    "ivy": [
      1,
      0.994,
      0.949,
      0.917,
      0.848,
      0.784,
      0.691,
      0.691,
      0.538,
      0.39,
      0.263,
      0.191,
    ],
    "jade_jolie": [
      1,
      0.886,
      0.779,
      0.659,
      0.417,
      0.289,
      0.188,
      0.188,
      0.108,
      0.057,
      0.036,
      0.014,
    ],
    "jinkx": [
      1,
      0.97,
      0.97,
      0.97,
      0.921,
      0.921,
      0.916,
      0.916,
      0.91,
      0.908,
      0.804,
      0.594,
    ],
    "lineysha": [
      1,
      0.959,
      0.864,
      0.763,
      0.628,
      0.438,
      0.322,
      0.322,
      0.209,
      0.114,
      0.074,
      0.049,
    ],
    "monica": [
      1,
      0.888,
      0.757,
      0.616,
      0.396,
      0.301,
      0.218,
      0.218,
      0.134,
      0.071,
      0.037,
      0.019,
    ],
    "penny": [
      1,
      0.767,
      0.602,
      0.478,
      0.239,
      0.186,
      0.114,
      0.114,
      0.071,
      0.036,
      0.017,
      0.009,
    ],
    "roxxxy": [
      1,
      0.987,
      0.973,
      0.948,
      0.869,
      0.815,
      0.724,
      0.724,
      0.611,
      0.498,
      0.375,
      0.295,
    ],
    "serena": [
      1,
      0.858,
      0.666,
      0.481,
      0.311,
      0.203,
      0.121,
      0.121,
      0.061,
      0.031,
      0.009,
      0.004,
    ],
    "vivienne": [
      1,
      0.894,
      0.788,
      0.683,
      0.366,
      0.257,
      0.166,
      0.166,
      0.106,
      0.056,
      0.024,
      0.009,
    ],
  },
}
`;
