// Vitest Snapshot v1, https://vitest.dev/guide/snapshot.html

exports[`S5 flow data matches snapshot under fixed seed 1`] = `
{
  "elimByEp": {
    "alaska": [
      0.012,
      0.001,
      0.002,
      0.036,
      0.005,
      0.022,
      0,
      0.016,
      0.032,
      0.073,
      0.123,
      0.388,
    ],
    "alyssa": [
      0.025,
      0.004,
      0.006,
      0.003,
      0.003,
      0.012,
      0,
      0.02,
      0.062,
      0.094,
      0.208,
      0.381,
    ],
    "coco": [
      0.032,
      0.028,
      0.03,
      0.092,
      0.053,
      0.101,
      0,
      0.104,
      0.144,
      0.139,
      0.078,
      0.182,
    ],
    "detox": [
      0.015,
      0.01,
      0.018,
      0.067,
      0.052,
      0.062,
      0,
      0.071,
      0.112,
      0.136,
      0.108,
      0.292,
    ],
    "honey": [
      0.119,
      0.103,
      0.106,
      0.287,
      0.075,
      0.083,
      0,
      0.075,
      0.062,
      0.046,
      0.022,
      0.022,
    ],
    "ivy": [
      0.006,
      0.042,
      0.032,
      0.074,
      0.065,
      0.09,
      0,
      0.147,
      0.156,
      0.128,
      0.077,
      0.159,
    ],
    "jade_jolie": [
      0.114,
      0.11,
      0.118,
      0.241,
      0.136,
      0.092,
      0,
      0.077,
      0.049,
      0.022,
      0.02,
      0.021,
    ],
    "jinkx": [
      0.03,
      0,
      0,
      0.018,
      0.002,
      0.005,
      0,
      0.006,
      0.002,
      0.108,
      0.217,
      0.228,
    ],
    "lineysha": [
      0.041,
      0.087,
      0.105,
      0.143,
      0.193,
      0.117,
      0,
      0.116,
      0.089,
      0.04,
      0.025,
      0.041,
    ],
    "monica": [
      0.112,
      0.134,
      0.141,
      0.224,
      0.094,
      0.082,
      0,
      0.085,
      0.064,
      0.035,
      0.013,
      0.016,
    ],
    "penny": [
      0.233,
      0.176,
      0.12,
      0.242,
      0.051,
      0.07,
      0,
      0.042,
      0.035,
      0.014,
      0.008,
      0.009,
    ],
    "roxxxy": [
      0.013,
      0.012,
      0.026,
      0.083,
      0.058,
      0.087,
      0,
      0.116,
      0.116,
      0.12,
      0.079,
      0.247,
    ],
    "serena": [
      0.142,
      0.187,
      0.193,
      0.169,
      0.11,
      0.082,
      0,
      0.059,
      0.029,
      0.018,
      0.005,
      0.006,
    ],
    "vivienne": [
      0.106,
      0.106,
      0.103,
      0.321,
      0.103,
      0.095,
      0,
      0.066,
      0.048,
      0.027,
      0.017,
      0.008,
    ],
  },
  "flow": {
    "alaska": [
      {
        "BTM2": 0.013,
        "ELIM": 0.012,
        "HIGH": 0.258,
        "LOW": 0.058,
        "SAFE": 0.511,
        "WIN": 0.148,
      },
      {
        "BTM2": 0.002,
        "ELIM": 0.013,
        "HIGH": 0.453,
        "LOW": 0.029,
        "SAFE": 0.346,
        "WIN": 0.157,
      },
      {
        "BTM2": 0.007,
        "ELIM": 0.015,
        "HIGH": 0.464,
        "LOW": 0.019,
        "SAFE": 0.321,
        "WIN": 0.174,
      },
      {
        "BTM2": 0,
        "ELIM": 0.051,
        "HIGH": 0.298,
        "LOW": 0.11,
        "SAFE": 0.461,
        "WIN": 0.08,
      },
      {
        "BTM2": 0.006,
        "ELIM": 0.056,
        "HIGH": 0.466,
        "LOW": 0.048,
        "SAFE": 0.158,
        "WIN": 0.266,
      },
      {
        "BTM2": 0.022,
        "ELIM": 0.078,
        "HIGH": 0.413,
        "LOW": 0.153,
        "SAFE": 0.132,
        "WIN": 0.202,
      },
      {
        "BTM2": 0.03,
        "ELIM": 0.078,
        "HIGH": 0.282,
        "LOW": 0.051,
        "SAFE": 0.29,
        "WIN": 0.269,
      },
      {
        "BTM2": 0.022,
        "ELIM": 0.094,
        "HIGH": 0.292,
        "LOW": 0.047,
        "SAFE": 0.31,
        "WIN": 0.235,
      },
      {
        "BTM2": 0.045,
        "ELIM": 0.126,
        "HIGH": 0.342,
        "LOW": 0.122,
        "SAFE": 0.207,
        "WIN": 0.158,
      },
      {
        "BTM2": 0.135,
        "ELIM": 0.199,
        "HIGH": 0.204,
        "LOW": 0.182,
        "SAFE": 0,
        "WIN": 0.28,
      },
      {
        "BTM2": 0.152,
        "ELIM": 0.322,
        "HIGH": 0.224,
        "LOW": 0,
        "SAFE": 0,
        "WIN": 0.302,
      },
      {
        "BTM2": 0,
        "ELIM": 0.71,
        "HIGH": 0,
        "LOW": 0,
        "SAFE": 0,
        "WIN": 0.29,
      },
    ],
    "alyssa": [
      {
        "BTM2": 0.069,
        "ELIM": 0.025,
        "HIGH": 0.153,
        "LOW": 0.122,
        "SAFE": 0.578,
        "WIN": 0.053,
      },
      {
        "BTM2": 0.012,
        "ELIM": 0.029,
        "HIGH": 0.38,
        "LOW": 0.038,
        "SAFE": 0.461,
        "WIN": 0.08,
      },
      {
        "BTM2": 0.008,
        "ELIM": 0.035,
        "HIGH": 0.359,
        "LOW": 0.048,
        "SAFE": 0.465,
        "WIN": 0.085,
      },
      {
        "BTM2": 0,
        "ELIM": 0.038,
        "HIGH": 0.253,
        "LOW": 0.008,
        "SAFE": 0.094,
        "WIN": 0.607,
      },
      {
        "BTM2": 0.011,
        "ELIM": 0.041,
        "HIGH": 0.441,
        "LOW": 0.049,
        "SAFE": 0.366,
        "WIN": 0.092,
      },
      {
        "BTM2": 0.025,
        "ELIM": 0.053,
        "HIGH": 0.456,
        "LOW": 0.128,
        "SAFE": 0.127,
        "WIN": 0.211,
      },
      {
        "BTM2": 0.082,
        "ELIM": 0.053,
        "HIGH": 0.228,
        "LOW": 0.108,
        "SAFE": 0.385,
        "WIN": 0.144,
      },
      {
        "BTM2": 0.041,
        "ELIM": 0.073,
        "HIGH": 0.235,
        "LOW": 0.104,
        "SAFE": 0.373,
        "WIN": 0.174,
      },
      {
        "BTM2": 0.114,
        "ELIM": 0.135,
        "HIGH": 0.233,
        "LOW": 0.205,
        "SAFE": 0.236,
        "WIN": 0.077,
      },
      {
        "BTM2": 0.135,
        "ELIM": 0.229,
        "HIGH": 0.23,
        "LOW": 0.194,
        "SAFE": 0,
        "WIN": 0.212,
      },
      {
        "BTM2": 0.267,
        "ELIM": 0.437,
        "HIGH": 0.168,
        "LOW": 0,
        "SAFE": 0,
        "WIN": 0.128,
      },
      {
        "BTM2": 0,
        "ELIM": 0.818,
        "HIGH": 0,
        "LOW": 0,
        "SAFE": 0,
        "WIN": 0.182,
      },
    ],
    "coco": [
      {
        "BTM2": 0.045,
        "ELIM": 0.032,
        "HIGH": 0.17,
        "LOW": 0.119,
        "SAFE": 0.575,
        "WIN": 0.059,
      },
      {
        "BTM2": 0.041,
        "ELIM": 0.06,
        "HIGH": 0.132,
        "LOW": 0.143,
        "SAFE": 0.6,
        "WIN": 0.024,
      },
      {
        "BTM2": 0.057,
        "ELIM": 0.09,
        "HIGH": 0.134,
        "LOW": 0.165,
        "SAFE": 0.541,
        "WIN": 0.013,
      },
      {
        "BTM2": 0,
        "ELIM": 0.182,
        "HIGH": 0.203,
        "LOW": 0.178,
        "SAFE": 0.396,
        "WIN": 0.041,
      },
      {
        "BTM2": 0.087,
        "ELIM": 0.235,
        "HIGH": 0.172,
        "LOW": 0.264,
        "SAFE": 0.23,
        "WIN": 0.012,
      },
      {
        "BTM2": 0.162,
        "ELIM": 0.336,
        "HIGH": 0.12,
        "LOW": 0.249,
        "SAFE": 0.111,
        "WIN": 0.022,
      },
      {
        "BTM2": 0.19,
        "ELIM": 0.336,
        "HIGH": 0.059,
        "LOW": 0.131,
        "SAFE": 0.263,
        "WIN": 0.021,
      },
      {
        "BTM2": 0.13,
        "ELIM": 0.44,
        "HIGH": 0.056,
        "LOW": 0.151,
        "SAFE": 0.204,
        "WIN": 0.019,
      },
      {
        "BTM2": 0.152,
        "ELIM": 0.584,
        "HIGH": 0.048,
        "LOW": 0.122,
        "SAFE": 0.083,
        "WIN": 0.011,
      },
      {
        "BTM2": 0.116,
        "ELIM": 0.723,
        "HIGH": 0.06,
        "LOW": 0.068,
        "SAFE": 0,
        "WIN": 0.033,
      },
      {
        "BTM2": 0.075,
        "ELIM": 0.801,
        "HIGH": 0.086,
        "LOW": 0,
        "SAFE": 0,
        "WIN": 0.038,
      },
      {
        "BTM2": 0,
        "ELIM": 0.983,
        "HIGH": 0,
        "LOW": 0,
        "SAFE": 0,
        "WIN": 0.017,
      },
    ],
    "detox": [
      {
        "BTM2": 0.013,
        "ELIM": 0.015,
        "HIGH": 0.27,
        "LOW": 0.061,
        "SAFE": 0.506,
        "WIN": 0.135,
      },
      {
        "BTM2": 0.016,
        "ELIM": 0.025,
        "HIGH": 0.247,
        "LOW": 0.093,
        "SAFE": 0.588,
        "WIN": 0.031,
      },
      {
        "BTM2": 0.039,
        "ELIM": 0.043,
        "HIGH": 0.269,
        "LOW": 0.083,
        "SAFE": 0.525,
        "WIN": 0.041,
      },
      {
        "BTM2": 0,
        "ELIM": 0.11,
        "HIGH": 0.26,
        "LOW": 0.131,
        "SAFE": 0.428,
        "WIN": 0.071,
      },
      {
        "BTM2": 0.053,
        "ELIM": 0.162,
        "HIGH": 0.184,
        "LOW": 0.257,
        "SAFE": 0.328,
        "WIN": 0.016,
      },
      {
        "BTM2": 0.098,
        "ELIM": 0.224,
        "HIGH": 0.198,
        "LOW": 0.266,
        "SAFE": 0.158,
        "WIN": 0.056,
      },
      {
        "BTM2": 0.174,
        "ELIM": 0.224,
        "HIGH": 0.092,
        "LOW": 0.148,
        "SAFE": 0.321,
        "WIN": 0.041,
      },
      {
        "BTM2": 0.126,
        "ELIM": 0.295,
        "HIGH": 0.081,
        "LOW": 0.164,
        "SAFE": 0.307,
        "WIN": 0.027,
      },
      {
        "BTM2": 0.126,
        "ELIM": 0.407,
        "HIGH": 0.106,
        "LOW": 0.171,
        "SAFE": 0.156,
        "WIN": 0.034,
      },
      {
        "BTM2": 0.126,
        "ELIM": 0.543,
        "HIGH": 0.114,
        "LOW": 0.126,
        "SAFE": 0,
        "WIN": 0.091,
      },
      {
        "BTM2": 0.069,
        "ELIM": 0.651,
        "HIGH": 0.118,
        "LOW": 0,
        "SAFE": 0,
        "WIN": 0.162,
      },
      {
        "BTM2": 0,
        "ELIM": 0.943,
        "HIGH": 0,
        "LOW": 0,
        "SAFE": 0,
        "WIN": 0.057,
      },
    ],
    "honey": [
      {
        "BTM2": 0.119,
        "ELIM": 0.119,
        "HIGH": 0.059,
        "LOW": 0.198,
        "SAFE": 0.487,
        "WIN": 0.018,
      },
      {
        "BTM2": 0.101,
        "ELIM": 0.222,
        "HIGH": 0.054,
        "LOW": 0.192,
        "SAFE": 0.425,
        "WIN": 0.006,
      },
      {
        "BTM2": 0.125,
        "ELIM": 0.328,
        "HIGH": 0.035,
        "LOW": 0.203,
        "SAFE": 0.306,
        "WIN": 0.003,
      },
      {
        "BTM2": 0,
        "ELIM": 0.615,
        "HIGH": 0.033,
        "LOW": 0.182,
        "SAFE": 0.169,
        "WIN": 0.001,
      },
      {
        "BTM2": 0.072,
        "ELIM": 0.69,
        "HIGH": 0.026,
        "LOW": 0.14,
        "SAFE": 0.071,
        "WIN": 0.001,
      },
      {
        "BTM2": 0.064,
        "ELIM": 0.773,
        "HIGH": 0.033,
        "LOW": 0.099,
        "SAFE": 0.028,
        "WIN": 0.003,
      },
      {
        "BTM2": 0.15,
        "ELIM": 0.773,
        "HIGH": 0.007,
        "LOW": 0.036,
        "SAFE": 0.033,
        "WIN": 0.001,
      },
      {
        "BTM2": 0.064,
        "ELIM": 0.848,
        "HIGH": 0.008,
        "LOW": 0.035,
        "SAFE": 0.044,
        "WIN": 0.001,
      },
      {
        "BTM2": 0.049,
        "ELIM": 0.91,
        "HIGH": 0.004,
        "LOW": 0.023,
        "SAFE": 0.012,
        "WIN": 0.002,
      },
      {
        "BTM2": 0.025,
        "ELIM": 0.956,
        "HIGH": 0.007,
        "LOW": 0.009,
        "SAFE": 0,
        "WIN": 0.003,
      },
      {
        "BTM2": 0.013,
        "ELIM": 0.978,
        "HIGH": 0.006,
        "LOW": 0,
        "SAFE": 0,
        "WIN": 0.003,
      },
      {
        "BTM2": 0,
        "ELIM": 1,
        "HIGH": 0,
        "LOW": 0,
        "SAFE": 0,
        "WIN": 0,
      },
    ],
    "ivy": [
      {
        "BTM2": 0.01,
        "ELIM": 0.006,
        "HIGH": 0.281,
        "LOW": 0.047,
        "SAFE": 0.434,
        "WIN": 0.222,
      },
      {
        "BTM2": 0.04,
        "ELIM": 0.048,
        "HIGH": 0.13,
        "LOW": 0.124,
        "SAFE": 0.643,
        "WIN": 0.015,
      },
      {
        "BTM2": 0.062,
        "ELIM": 0.08,
        "HIGH": 0.122,
        "LOW": 0.198,
        "SAFE": 0.521,
        "WIN": 0.017,
      },
      {
        "BTM2": 0,
        "ELIM": 0.154,
        "HIGH": 0.22,
        "LOW": 0.142,
        "SAFE": 0.445,
        "WIN": 0.039,
      },
      {
        "BTM2": 0.097,
        "ELIM": 0.219,
        "HIGH": 0.152,
        "LOW": 0.259,
        "SAFE": 0.256,
        "WIN": 0.017,
      },
      {
        "BTM2": 0.128,
        "ELIM": 0.309,
        "HIGH": 0.15,
        "LOW": 0.269,
        "SAFE": 0.122,
        "WIN": 0.022,
      },
      {
        "BTM2": 0.286,
        "ELIM": 0.309,
        "HIGH": 0.044,
        "LOW": 0.135,
        "SAFE": 0.214,
        "WIN": 0.012,
      },
      {
        "BTM2": 0.149,
        "ELIM": 0.456,
        "HIGH": 0.028,
        "LOW": 0.152,
        "SAFE": 0.201,
        "WIN": 0.014,
      },
      {
        "BTM2": 0.147,
        "ELIM": 0.612,
        "HIGH": 0.037,
        "LOW": 0.116,
        "SAFE": 0.078,
        "WIN": 0.01,
      },
      {
        "BTM2": 0.091,
        "ELIM": 0.74,
        "HIGH": 0.067,
        "LOW": 0.071,
        "SAFE": 0,
        "WIN": 0.031,
      },
      {
        "BTM2": 0.048,
        "ELIM": 0.817,
        "HIGH": 0.073,
        "LOW": 0,
        "SAFE": 0,
        "WIN": 0.062,
      },
      {
        "BTM2": 0,
        "ELIM": 0.976,
        "HIGH": 0,
        "LOW": 0,
        "SAFE": 0,
        "WIN": 0.024,
      },
    ],
    "jade_jolie": [
      {
        "BTM2": 0.101,
        "ELIM": 0.114,
        "HIGH": 0.07,
        "LOW": 0.189,
        "SAFE": 0.51,
        "WIN": 0.016,
      },
      {
        "BTM2": 0.128,
        "ELIM": 0.224,
        "HIGH": 0.023,
        "LOW": 0.227,
        "SAFE": 0.393,
        "WIN": 0.005,
      },
      {
        "BTM2": 0.124,
        "ELIM": 0.342,
        "HIGH": 0.028,
        "LOW": 0.192,
        "SAFE": 0.312,
        "WIN": 0.002,
      },
      {
        "BTM2": 0,
        "ELIM": 0.583,
        "HIGH": 0.039,
        "LOW": 0.175,
        "SAFE": 0.2,
        "WIN": 0.003,
      },
      {
        "BTM2": 0.108,
        "ELIM": 0.719,
        "HIGH": 0.019,
        "LOW": 0.113,
        "SAFE": 0.041,
        "WIN": 0,
      },
      {
        "BTM2": 0.076,
        "ELIM": 0.811,
        "HIGH": 0.015,
        "LOW": 0.078,
        "SAFE": 0.017,
        "WIN": 0.003,
      },
      {
        "BTM2": 0.128,
        "ELIM": 0.811,
        "HIGH": 0.001,
        "LOW": 0.048,
        "SAFE": 0.012,
        "WIN": 0,
      },
      {
        "BTM2": 0.06,
        "ELIM": 0.888,
        "HIGH": 0.002,
        "LOW": 0.026,
        "SAFE": 0.023,
        "WIN": 0.001,
      },
      {
        "BTM2": 0.035,
        "ELIM": 0.937,
        "HIGH": 0.004,
        "LOW": 0.015,
        "SAFE": 0.009,
        "WIN": 0,
      },
      {
        "BTM2": 0.026,
        "ELIM": 0.959,
        "HIGH": 0.003,
        "LOW": 0.011,
        "SAFE": 0,
        "WIN": 0.001,
      },
      {
        "BTM2": 0.015,
        "ELIM": 0.979,
        "HIGH": 0.004,
        "LOW": 0,
        "SAFE": 0,
        "WIN": 0.002,
      },
      {
        "BTM2": 0,
        "ELIM": 1,
        "HIGH": 0,
        "LOW": 0,
        "SAFE": 0,
        "WIN": 0,
      },
    ],
    "jinkx": [
      {
        "BTM2": 0.055,
        "ELIM": 0.03,
        "HIGH": 0.156,
        "LOW": 0.124,
        "SAFE": 0.565,
        "WIN": 0.07,
      },
      {
        "BTM2": 0,
        "ELIM": 0.03,
        "HIGH": 0.248,
        "LOW": 0.001,
        "SAFE": 0.075,
        "WIN": 0.646,
      },
      {
        "BTM2": 0,
        "ELIM": 0.03,
        "HIGH": 0.263,
        "LOW": 0.001,
        "SAFE": 0.082,
        "WIN": 0.624,
      },
      {
        "BTM2": 0,
        "ELIM": 0.048,
        "HIGH": 0.261,
        "LOW": 0.062,
        "SAFE": 0.55,
        "WIN": 0.079,
      },
      {
        "BTM2": 0,
        "ELIM": 0.05,
        "HIGH": 0.317,
        "LOW": 0.011,
        "SAFE": 0.044,
        "WIN": 0.578,
      },
      {
        "BTM2": 0.007,
        "ELIM": 0.055,
        "HIGH": 0.374,
        "LOW": 0.056,
        "SAFE": 0.075,
        "WIN": 0.433,
      },
      {
        "BTM2": 0.011,
        "ELIM": 0.055,
        "HIGH": 0.228,
        "LOW": 0.028,
        "SAFE": 0.179,
        "WIN": 0.499,
      },
      {
        "BTM2": 0.006,
        "ELIM": 0.061,
        "HIGH": 0.241,
        "LOW": 0.019,
        "SAFE": 0.169,
        "WIN": 0.504,
      },
      {
        "BTM2": 0.008,
        "ELIM": 0.063,
        "HIGH": 0.152,
        "LOW": 0.017,
        "SAFE": 0.069,
        "WIN": 0.691,
      },
      {
        "BTM2": 0.123,
        "ELIM": 0.171,
        "HIGH": 0.221,
        "LOW": 0.21,
        "SAFE": 0,
        "WIN": 0.275,
      },
      {
        "BTM2": 0.246,
        "ELIM": 0.388,
        "HIGH": 0.199,
        "LOW": 0,
        "SAFE": 0,
        "WIN": 0.167,
      },
      {
        "BTM2": 0,
        "ELIM": 0.616,
        "HIGH": 0,
        "LOW": 0,
        "SAFE": 0,
        "WIN": 0.384,
      },
    ],
    "lineysha": [
      {
        "BTM2": 0.04,
        "ELIM": 0.041,
        "HIGH": 0.152,
        "LOW": 0.118,
        "SAFE": 0.582,
        "WIN": 0.067,
      },
      {
        "BTM2": 0.093,
        "ELIM": 0.128,
        "HIGH": 0.061,
        "LOW": 0.216,
        "SAFE": 0.497,
        "WIN": 0.005,
      },
      {
        "BTM2": 0.105,
        "ELIM": 0.233,
        "HIGH": 0.066,
        "LOW": 0.198,
        "SAFE": 0.395,
        "WIN": 0.003,
      },
      {
        "BTM2": 0,
        "ELIM": 0.376,
        "HIGH": 0.091,
        "LOW": 0.22,
        "SAFE": 0.305,
        "WIN": 0.008,
      },
      {
        "BTM2": 0.205,
        "ELIM": 0.569,
        "HIGH": 0.015,
        "LOW": 0.151,
        "SAFE": 0.06,
        "WIN": 0,
      },
      {
        "BTM2": 0.089,
        "ELIM": 0.686,
        "HIGH": 0.033,
        "LOW": 0.151,
        "SAFE": 0.037,
        "WIN": 0.004,
      },
      {
        "BTM2": 0.24,
        "ELIM": 0.686,
        "HIGH": 0.001,
        "LOW": 0.035,
        "SAFE": 0.038,
        "WIN": 0,
      },
      {
        "BTM2": 0.101,
        "ELIM": 0.802,
        "HIGH": 0.008,
        "LOW": 0.047,
        "SAFE": 0.038,
        "WIN": 0.004,
      },
      {
        "BTM2": 0.062,
        "ELIM": 0.891,
        "HIGH": 0.008,
        "LOW": 0.027,
        "SAFE": 0.012,
        "WIN": 0,
      },
      {
        "BTM2": 0.032,
        "ELIM": 0.931,
        "HIGH": 0.018,
        "LOW": 0.014,
        "SAFE": 0,
        "WIN": 0.005,
      },
      {
        "BTM2": 0.02,
        "ELIM": 0.956,
        "HIGH": 0.009,
        "LOW": 0,
        "SAFE": 0,
        "WIN": 0.015,
      },
      {
        "BTM2": 0,
        "ELIM": 0.997,
        "HIGH": 0,
        "LOW": 0,
        "SAFE": 0,
        "WIN": 0.003,
      },
    ],
    "monica": [
      {
        "BTM2": 0.146,
        "ELIM": 0.112,
        "HIGH": 0.04,
        "LOW": 0.216,
        "SAFE": 0.468,
        "WIN": 0.018,
      },
      {
        "BTM2": 0.158,
        "ELIM": 0.246,
        "HIGH": 0.018,
        "LOW": 0.223,
        "SAFE": 0.353,
        "WIN": 0.002,
      },
      {
        "BTM2": 0.146,
        "ELIM": 0.387,
        "HIGH": 0.016,
        "LOW": 0.213,
        "SAFE": 0.236,
        "WIN": 0.002,
      },
      {
        "BTM2": 0,
        "ELIM": 0.611,
        "HIGH": 0.043,
        "LOW": 0.191,
        "SAFE": 0.15,
        "WIN": 0.005,
      },
      {
        "BTM2": 0.083,
        "ELIM": 0.705,
        "HIGH": 0.028,
        "LOW": 0.123,
        "SAFE": 0.06,
        "WIN": 0.001,
      },
      {
        "BTM2": 0.058,
        "ELIM": 0.787,
        "HIGH": 0.025,
        "LOW": 0.102,
        "SAFE": 0.024,
        "WIN": 0.004,
      },
      {
        "BTM2": 0.128,
        "ELIM": 0.787,
        "HIGH": 0.005,
        "LOW": 0.043,
        "SAFE": 0.036,
        "WIN": 0.001,
      },
      {
        "BTM2": 0.047,
        "ELIM": 0.872,
        "HIGH": 0.004,
        "LOW": 0.043,
        "SAFE": 0.034,
        "WIN": 0,
      },
      {
        "BTM2": 0.042,
        "ELIM": 0.936,
        "HIGH": 0.001,
        "LOW": 0.016,
        "SAFE": 0.005,
        "WIN": 0,
      },
      {
        "BTM2": 0.021,
        "ELIM": 0.971,
        "HIGH": 0.003,
        "LOW": 0.005,
        "SAFE": 0,
        "WIN": 0,
      },
      {
        "BTM2": 0.007,
        "ELIM": 0.984,
        "HIGH": 0.004,
        "LOW": 0,
        "SAFE": 0,
        "WIN": 0.005,
      },
      {
        "BTM2": 0,
        "ELIM": 1,
        "HIGH": 0,
        "LOW": 0,
        "SAFE": 0,
        "WIN": 0,
      },
    ],
    "penny": [
      {
        "BTM2": 0.148,
        "ELIM": 0.233,
        "HIGH": 0.026,
        "LOW": 0.229,
        "SAFE": 0.358,
        "WIN": 0.006,
      },
      {
        "BTM2": 0.103,
        "ELIM": 0.409,
        "HIGH": 0.021,
        "LOW": 0.195,
        "SAFE": 0.271,
        "WIN": 0.001,
      },
      {
        "BTM2": 0.089,
        "ELIM": 0.529,
        "HIGH": 0.018,
        "LOW": 0.169,
        "SAFE": 0.193,
        "WIN": 0.002,
      },
      {
        "BTM2": 0,
        "ELIM": 0.771,
        "HIGH": 0.013,
        "LOW": 0.128,
        "SAFE": 0.088,
        "WIN": 0,
      },
      {
        "BTM2": 0.033,
        "ELIM": 0.822,
        "HIGH": 0.015,
        "LOW": 0.088,
        "SAFE": 0.04,
        "WIN": 0.002,
      },
      {
        "BTM2": 0.037,
        "ELIM": 0.892,
        "HIGH": 0.007,
        "LOW": 0.046,
        "SAFE": 0.014,
        "WIN": 0.004,
      },
      {
        "BTM2": 0.064,
        "ELIM": 0.892,
        "HIGH": 0.005,
        "LOW": 0.02,
        "SAFE": 0.018,
        "WIN": 0.001,
      },
      {
        "BTM2": 0.028,
        "ELIM": 0.934,
        "HIGH": 0.001,
        "LOW": 0.016,
        "SAFE": 0.021,
        "WIN": 0,
      },
      {
        "BTM2": 0.017,
        "ELIM": 0.969,
        "HIGH": 0,
        "LOW": 0.011,
        "SAFE": 0.003,
        "WIN": 0,
      },
      {
        "BTM2": 0.012,
        "ELIM": 0.983,
        "HIGH": 0.003,
        "LOW": 0.002,
        "SAFE": 0,
        "WIN": 0,
      },
      {
        "BTM2": 0.005,
        "ELIM": 0.991,
        "HIGH": 0.003,
        "LOW": 0,
        "SAFE": 0,
        "WIN": 0.001,
      },
      {
        "BTM2": 0,
        "ELIM": 1,
        "HIGH": 0,
        "LOW": 0,
        "SAFE": 0,
        "WIN": 0,
      },
    ],
    "roxxxy": [
      {
        "BTM2": 0.016,
        "ELIM": 0.013,
        "HIGH": 0.248,
        "LOW": 0.067,
        "SAFE": 0.497,
        "WIN": 0.159,
      },
      {
        "BTM2": 0.035,
        "ELIM": 0.025,
        "HIGH": 0.179,
        "LOW": 0.075,
        "SAFE": 0.661,
        "WIN": 0.025,
      },
      {
        "BTM2": 0.036,
        "ELIM": 0.051,
        "HIGH": 0.162,
        "LOW": 0.115,
        "SAFE": 0.608,
        "WIN": 0.028,
      },
      {
        "BTM2": 0,
        "ELIM": 0.134,
        "HIGH": 0.237,
        "LOW": 0.149,
        "SAFE": 0.422,
        "WIN": 0.058,
      },
      {
        "BTM2": 0.107,
        "ELIM": 0.192,
        "HIGH": 0.139,
        "LOW": 0.299,
        "SAFE": 0.249,
        "WIN": 0.014,
      },
      {
        "BTM2": 0.131,
        "ELIM": 0.279,
        "HIGH": 0.155,
        "LOW": 0.279,
        "SAFE": 0.123,
        "WIN": 0.033,
      },
      {
        "BTM2": 0.319,
        "ELIM": 0.279,
        "HIGH": 0.041,
        "LOW": 0.175,
        "SAFE": 0.177,
        "WIN": 0.009,
      },
      {
        "BTM2": 0.16,
        "ELIM": 0.395,
        "HIGH": 0.036,
        "LOW": 0.16,
        "SAFE": 0.228,
        "WIN": 0.021,
      },
      {
        "BTM2": 0.154,
        "ELIM": 0.511,
        "HIGH": 0.061,
        "LOW": 0.137,
        "SAFE": 0.121,
        "WIN": 0.016,
      },
      {
        "BTM2": 0.142,
        "ELIM": 0.631,
        "HIGH": 0.064,
        "LOW": 0.099,
        "SAFE": 0,
        "WIN": 0.064,
      },
      {
        "BTM2": 0.072,
        "ELIM": 0.71,
        "HIGH": 0.105,
        "LOW": 0,
        "SAFE": 0,
        "WIN": 0.113,
      },
      {
        "BTM2": 0,
        "ELIM": 0.957,
        "HIGH": 0,
        "LOW": 0,
        "SAFE": 0,
        "WIN": 0.043,
      },
    ],
    "serena": [
      {
        "BTM2": 0.101,
        "ELIM": 0.142,
        "HIGH": 0.056,
        "LOW": 0.227,
        "SAFE": 0.459,
        "WIN": 0.015,
      },
      {
        "BTM2": 0.175,
        "ELIM": 0.329,
        "HIGH": 0.01,
        "LOW": 0.207,
        "SAFE": 0.278,
        "WIN": 0.001,
      },
      {
        "BTM2": 0.135,
        "ELIM": 0.522,
        "HIGH": 0.009,
        "LOW": 0.168,
        "SAFE": 0.166,
        "WIN": 0,
      },
      {
        "BTM2": 0,
        "ELIM": 0.691,
        "HIGH": 0.029,
        "LOW": 0.13,
        "SAFE": 0.145,
        "WIN": 0.005,
      },
      {
        "BTM2": 0.08,
        "ELIM": 0.801,
        "HIGH": 0.005,
        "LOW": 0.089,
        "SAFE": 0.025,
        "WIN": 0,
      },
      {
        "BTM2": 0.043,
        "ELIM": 0.883,
        "HIGH": 0.004,
        "LOW": 0.057,
        "SAFE": 0.013,
        "WIN": 0,
      },
      {
        "BTM2": 0.097,
        "ELIM": 0.883,
        "HIGH": 0.002,
        "LOW": 0.01,
        "SAFE": 0.008,
        "WIN": 0,
      },
      {
        "BTM2": 0.032,
        "ELIM": 0.942,
        "HIGH": 0.001,
        "LOW": 0.012,
        "SAFE": 0.013,
        "WIN": 0,
      },
      {
        "BTM2": 0.022,
        "ELIM": 0.971,
        "HIGH": 0,
        "LOW": 0.004,
        "SAFE": 0.003,
        "WIN": 0,
      },
      {
        "BTM2": 0.007,
        "ELIM": 0.989,
        "HIGH": 0.002,
        "LOW": 0.001,
        "SAFE": 0,
        "WIN": 0.001,
      },
      {
        "BTM2": 0.005,
        "ELIM": 0.994,
        "HIGH": 0.001,
        "LOW": 0,
        "SAFE": 0,
        "WIN": 0,
      },
      {
        "BTM2": 0,
        "ELIM": 1,
        "HIGH": 0,
        "LOW": 0,
        "SAFE": 0,
        "WIN": 0,
      },
    ],
    "vivienne": [
      {
        "BTM2": 0.124,
        "ELIM": 0.106,
        "HIGH": 0.061,
        "LOW": 0.225,
        "SAFE": 0.47,
        "WIN": 0.014,
      },
      {
        "BTM2": 0.096,
        "ELIM": 0.212,
        "HIGH": 0.044,
        "LOW": 0.237,
        "SAFE": 0.409,
        "WIN": 0.002,
      },
      {
        "BTM2": 0.067,
        "ELIM": 0.315,
        "HIGH": 0.055,
        "LOW": 0.228,
        "SAFE": 0.329,
        "WIN": 0.006,
      },
      {
        "BTM2": 0,
        "ELIM": 0.636,
        "HIGH": 0.02,
        "LOW": 0.194,
        "SAFE": 0.147,
        "WIN": 0.003,
      },
      {
        "BTM2": 0.058,
        "ELIM": 0.739,
        "HIGH": 0.021,
        "LOW": 0.109,
        "SAFE": 0.072,
        "WIN": 0.001,
      },
      {
        "BTM2": 0.06,
        "ELIM": 0.834,
        "HIGH": 0.017,
        "LOW": 0.067,
        "SAFE": 0.019,
        "WIN": 0.003,
      },
      {
        "BTM2": 0.101,
        "ELIM": 0.834,
        "HIGH": 0.005,
        "LOW": 0.032,
        "SAFE": 0.026,
        "WIN": 0.002,
      },
      {
        "BTM2": 0.034,
        "ELIM": 0.9,
        "HIGH": 0.007,
        "LOW": 0.024,
        "SAFE": 0.035,
        "WIN": 0,
      },
      {
        "BTM2": 0.027,
        "ELIM": 0.948,
        "HIGH": 0.004,
        "LOW": 0.014,
        "SAFE": 0.006,
        "WIN": 0.001,
      },
      {
        "BTM2": 0.009,
        "ELIM": 0.975,
        "HIGH": 0.004,
        "LOW": 0.008,
        "SAFE": 0,
        "WIN": 0.004,
      },
      {
        "BTM2": 0.006,
        "ELIM": 0.992,
        "HIGH": 0,
        "LOW": 0,
        "SAFE": 0,
        "WIN": 0.002,
      },
      {
        "BTM2": 0,
        "ELIM": 1,
        "HIGH": 0,
        "LOW": 0,
        "SAFE": 0,
        "WIN": 0,
      },
    ],
  },
  "queenOrder": [
    "jinkx",
    "alaska",
    "alyssa",
    "detox",
    "roxxxy",
    "ivy",
    "coco",
    "lineysha",
    "jade_jolie",
    "monica",
    "honey",
    "vivienne",
    "serena",
    "penny",
  ],
  "survival": {
    "alaska": [
      1,
      0.988,
      0.987,
      0.985,
      0.949,
      0.944,
      0.922,
      0.922,
      0.906,
      0.874,
      0.801,
      0.678,
    ],
    "alyssa": [
      1,
      0.975,
      0.971,
      0.965,
      0.962,
      0.959,
      0.947,
      0.947,
      0.927,
      0.865,
      0.771,
      0.563,
    ],
    "coco": [
      1,
      0.968,
      0.94,
      0.91,
      0.818,
      0.765,
      0.664,
      0.664,
      0.56,
      0.416,
      0.277,
      0.199,
    ],
    "detox": [
      1,
      0.985,
      0.975,
      0.957,
      0.89,
      0.838,
      0.776,
      0.776,
      0.705,
      0.593,
      0.457,
      0.349,
    ],
    "honey": [
      1,
      0.881,
      0.778,
      0.672,
      0.385,
      0.31,
      0.227,
      0.227,
      0.152,
      0.09,
      0.044,
      0.022,
    ],
    "ivy": [
      1,
      0.994,
      0.952,
      0.92,
      0.846,
      0.781,
      0.691,
      0.691,
      0.544,
      0.388,
      0.26,
      0.183,
    ],
    "jade_jolie": [
      1,
      0.886,
      0.776,
      0.658,
      0.417,
      0.281,
      0.189,
      0.189,
      0.112,
      0.063,
      0.041,
      0.021,
    ],
    "jinkx": [
      1,
      0.97,
      0.97,
      0.97,
      0.952,
      0.95,
      0.945,
      0.945,
      0.939,
      0.937,
      0.829,
      0.612,
    ],
    "lineysha": [
      1,
      0.959,
      0.872,
      0.767,
      0.624,
      0.431,
      0.314,
      0.314,
      0.198,
      0.109,
      0.069,
      0.044,
    ],
    "monica": [
      1,
      0.888,
      0.754,
      0.613,
      0.389,
      0.295,
      0.213,
      0.213,
      0.128,
      0.064,
      0.029,
      0.016,
    ],
    "penny": [
      1,
      0.767,
      0.591,
      0.471,
      0.229,
      0.178,
      0.108,
      0.108,
      0.066,
      0.031,
      0.017,
      0.009,
    ],
    "roxxxy": [
      1,
      0.987,
      0.975,
      0.949,
      0.866,
      0.808,
      0.721,
      0.721,
      0.605,
      0.489,
      0.369,
      0.29,
    ],
    "serena": [
      1,
      0.858,
      0.671,
      0.478,
      0.309,
      0.199,
      0.117,
      0.117,
      0.058,
      0.029,
      0.011,
      0.006,
    ],
    "vivienne": [
      1,
      0.894,
      0.788,
      0.685,
      0.364,
      0.261,
      0.166,
      0.166,
      0.1,
      0.052,
      0.025,
      0.008,
    ],
  },
}
`;
