// Vitest Snapshot v1, https://vitest.dev/guide/snapshot.html

exports[`S5 winProb data matches snapshot (rounded 6dp) 1`] = `
{
  "baselineLines": null,
  "episodeNumbers": [
    1,
    2,
    3,
    4,
    5,
    6,
    7,
    8,
    9,
    10,
    11,
    12,
  ],
  "lines": [
    {
      "probs": [
        1,
        0.97,
        0.97,
        0.97,
        0.921,
        0.921,
        0.916,
        0.916,
        0.91,
        0.908,
        0.804,
        0.594,
      ],
      "queenId": "jinkx",
    },
    {
      "probs": [
        1,
        0.988,
        0.988,
        0.985,
        0.943,
        0.939,
        0.917,
        0.917,
        0.903,
        0.873,
        0.8,
        0.671,
      ],
      "queenId": "alaska",
    },
    {
      "probs": [
        1,
        0.975,
        0.972,
        0.965,
        0.963,
        0.953,
        0.946,
        0.946,
        0.929,
        0.867,
        0.776,
        0.57,
      ],
      "queenId": "alyssa",
    },
    {
      "probs": [
        1,
        0.985,
        0.972,
        0.954,
        0.888,
        0.834,
        0.772,
        0.772,
        0.697,
        0.585,
        0.456,
        0.35,
      ],
      "queenId": "detox",
    },
    {
      "probs": [
        1,
        0.987,
        0.973,
        0.948,
        0.869,
        0.815,
        0.724,
        0.724,
        0.611,
        0.498,
        0.375,
        0.295,
      ],
      "queenId": "roxxxy",
    },
    {
      "probs": [
        1,
        0.994,
        0.949,
        0.917,
        0.848,
        0.784,
        0.691,
        0.691,
        0.538,
        0.39,
        0.263,
        0.191,
      ],
      "queenId": "ivy",
    },
    {
      "probs": [
        1,
        0.968,
        0.945,
        0.915,
        0.826,
        0.769,
        0.675,
        0.675,
        0.571,
        0.426,
        0.284,
        0.203,
      ],
      "queenId": "coco",
    },
    {
      "probs": [
        1,
        0.959,
        0.864,
        0.763,
        0.628,
        0.438,
        0.322,
        0.322,
        0.209,
        0.114,
        0.074,
        0.049,
      ],
      "queenId": "lineysha",
    },
    {
      "probs": [
        1,
        0.886,
        0.779,
        0.659,
        0.417,
        0.289,
        0.188,
        0.188,
        0.108,
        0.057,
        0.036,
        0.014,
      ],
      "queenId": "jade",
    },
    {
      "probs": [
        1,
        0.888,
        0.757,
        0.616,
        0.396,
        0.301,
        0.218,
        0.218,
        0.134,
        0.071,
        0.037,
        0.019,
      ],
      "queenId": "monica",
    },
    {
      "probs": [
        1,
        0.881,
        0.775,
        0.666,
        0.385,
        0.311,
        0.23,
        0.23,
        0.152,
        0.088,
        0.045,
        0.022,
      ],
      "queenId": "honey",
    },
    {
      "probs": [
        1,
        0.894,
        0.788,
        0.683,
        0.366,
        0.257,
        0.166,
        0.166,
        0.106,
        0.056,
        0.024,
        0.009,
      ],
      "queenId": "vivienne",
    },
    {
      "probs": [
        1,
        0.858,
        0.666,
        0.481,
        0.311,
        0.203,
        0.121,
        0.121,
        0.061,
        0.031,
        0.009,
        0.004,
      ],
      "queenId": "serena",
    },
    {
      "probs": [
        1,
        0.767,
        0.602,
        0.478,
        0.239,
        0.186,
        0.114,
        0.114,
        0.071,
        0.036,
        0.017,
        0.009,
      ],
      "queenId": "penny",
    },
  ],
  "queenOrder": [
    "jinkx",
    "alaska",
    "alyssa",
    "detox",
    "roxxxy",
    "ivy",
    "coco",
    "lineysha",
    "jade",
    "monica",
    "honey",
    "vivienne",
    "serena",
    "penny",
  ],
}
`;
