// Vitest Snapshot v1, https://vitest.dev/guide/snapshot.html

exports[`S5 winProb data matches snapshot (rounded 6dp) 1`] = `
{
  "baselineLines": null,
  "episodeNumbers": [
    1,
    2,
    3,
    4,
    5,
    6,
    7,
    8,
    9,
    10,
    11,
    12,
  ],
  "lines": [
    {
      "probs": [
        1,
        0.97,
        0.97,
        0.97,
        0.952,
        0.95,
        0.945,
        0.945,
        0.939,
        0.937,
        0.829,
        0.612,
      ],
      "queenId": "jinkx",
    },
    {
      "probs": [
        1,
        0.988,
        0.987,
        0.985,
        0.949,
        0.944,
        0.922,
        0.922,
        0.906,
        0.874,
        0.801,
        0.678,
      ],
      "queenId": "alaska",
    },
    {
      "probs": [
        1,
        0.975,
        0.971,
        0.965,
        0.962,
        0.959,
        0.947,
        0.947,
        0.927,
        0.865,
        0.771,
        0.563,
      ],
      "queenId": "alyssa",
    },
    {
      "probs": [
        1,
        0.985,
        0.975,
        0.957,
        0.89,
        0.838,
        0.776,
        0.776,
        0.705,
        0.593,
        0.457,
        0.349,
      ],
      "queenId": "detox",
    },
    {
      "probs": [
        1,
        0.987,
        0.975,
        0.949,
        0.866,
        0.808,
        0.721,
        0.721,
        0.605,
        0.489,
        0.369,
        0.29,
      ],
      "queenId": "roxxxy",
    },
    {
      "probs": [
        1,
        0.994,
        0.952,
        0.92,
        0.846,
        0.781,
        0.691,
        0.691,
        0.544,
        0.388,
        0.26,
        0.183,
      ],
      "queenId": "ivy",
    },
    {
      "probs": [
        1,
        0.968,
        0.94,
        0.91,
        0.818,
        0.765,
        0.664,
        0.664,
        0.56,
        0.416,
        0.277,
        0.199,
      ],
      "queenId": "coco",
    },
    {
      "probs": [
        1,
        0.959,
        0.872,
        0.767,
        0.624,
        0.431,
        0.314,
        0.314,
        0.198,
        0.109,
        0.069,
        0.044,
      ],
      "queenId": "lineysha",
    },
    {
      "probs": [
        1,
        0.886,
        0.776,
        0.658,
        0.417,
        0.281,
        0.189,
        0.189,
        0.112,
        0.063,
        0.041,
        0.021,
      ],
      "queenId": "jade_jolie",
    },
    {
      "probs": [
        1,
        0.888,
        0.754,
        0.613,
        0.389,
        0.295,
        0.213,
        0.213,
        0.128,
        0.064,
        0.029,
        0.016,
      ],
      "queenId": "monica",
    },
    {
      "probs": [
        1,
        0.881,
        0.778,
        0.672,
        0.385,
        0.31,
        0.227,
        0.227,
        0.152,
        0.09,
        0.044,
        0.022,
      ],
      "queenId": "honey",
    },
    {
      "probs": [
        1,
        0.894,
        0.788,
        0.685,
        0.364,
        0.261,
        0.166,
        0.166,
        0.1,
        0.052,
        0.025,
        0.008,
      ],
      "queenId": "vivienne",
    },
    {
      "probs": [
        1,
        0.858,
        0.671,
        0.478,
        0.309,
        0.199,
        0.117,
        0.117,
        0.058,
        0.029,
        0.011,
        0.006,
      ],
      "queenId": "serena",
    },
    {
      "probs": [
        1,
        0.767,
        0.591,
        0.471,
        0.229,
        0.178,
        0.108,
        0.108,
        0.066,
        0.031,
        0.017,
        0.009,
      ],
      "queenId": "penny",
    },
  ],
  "queenOrder": [
    "jinkx",
    "alaska",
    "alyssa",
    "detox",
    "roxxxy",
    "ivy",
    "coco",
    "lineysha",
    "jade_jolie",
    "monica",
    "honey",
    "vivienne",
    "serena",
    "penny",
  ],
}
`;
